0 verbose cli /opt/homebrew/Cellar/node/25.4.0/bin/node /opt/homebrew/bin/npm
1 info using npm@11.7.0
2 info using node@v25.4.0
3 silly config load:file:/opt/homebrew/lib/node_modules/npm/npmrc
4 silly config load:file:/Users/andres/Documents/Documentos - MacBook Air de Andres/Proyecto sistema contable /Sistema-ERP-Pitalito/.npmrc
5 silly config load:file:/Users/andres/.npmrc
6 silly config load:file:/opt/homebrew/etc/npmrc
7 verbose title npm install papaparse xlsx
8 verbose argv "install" "papaparse" "xlsx" "--cache" "./npm-cache"
9 verbose logfile logs-max:10 dir:/Users/andres/Documents/Documentos - MacBook Air de Andres/Proyecto sistema contable /Sistema-ERP-Pitalito/npm-cache/_logs/2026-02-07T17_18_01_675Z-
10 verbose logfile /Users/andres/Documents/Documentos - MacBook Air de Andres/Proyecto sistema contable /Sistema-ERP-Pitalito/npm-cache/_logs/2026-02-07T17_18_01_675Z-debug-0.log
11 silly logfile done cleaning log files
12 silly packumentCache heap:2348810240 maxSize:587202560 maxEntrySize:293601280
13 verbose shrinkwrap failed to load node_modules/.package-lock.json out of date, updated: node_modules
14 silly idealTree buildDeps
15 silly fetch manifest papaparse@*
16 silly packumentCache full:https://registry.npmjs.org/papaparse cache-miss
17 http fetch GET 200 https://registry.npmjs.org/papaparse 213ms (cache miss)
18 silly packumentCache full:https://registry.npmjs.org/papaparse set size:undefined disposed:false
19 silly fetch manifest xlsx@*
20 silly packumentCache full:https://registry.npmjs.org/xlsx cache-miss
21 http fetch GET 200 https://registry.npmjs.org/xlsx 54ms (cache miss)
22 silly packumentCache full:https://registry.npmjs.org/xlsx set size:undefined disposed:false
23 silly placeDep ROOT papaparse@5.5.3 OK for: sistema-erp-pitalito@0.2.0 want: *
24 silly placeDep ROOT xlsx@0.18.5 OK for: sistema-erp-pitalito@0.2.0 want: *
25 silly fetch manifest cfb@~1.2.1
26 silly packumentCache full:https://registry.npmjs.org/cfb cache-miss
27 silly fetch manifest ssf@~0.11.2
28 silly packumentCache full:https://registry.npmjs.org/ssf cache-miss
29 silly fetch manifest wmf@~1.0.1
30 silly packumentCache full:https://registry.npmjs.org/wmf cache-miss
31 silly fetch manifest word@~0.3.0
32 silly packumentCache full:https://registry.npmjs.org/word cache-miss
33 silly fetch manifest crc-32@~1.2.1
34 silly packumentCache full:https://registry.npmjs.org/crc-32 cache-miss
35 silly fetch manifest adler-32@~1.3.0
36 silly packumentCache full:https://registry.npmjs.org/adler-32 cache-miss
37 silly fetch manifest codepage@~1.15.0
38 silly packumentCache full:https://registry.npmjs.org/codepage cache-miss
39 http fetch GET 200 https://registry.npmjs.org/cfb 39ms (cache miss)
40 silly packumentCache full:https://registry.npmjs.org/cfb set size:undefined disposed:false
41 http fetch GET 200 https://registry.npmjs.org/ssf 109ms (cache miss)
42 silly packumentCache full:https://registry.npmjs.org/ssf set size:undefined disposed:false
43 http fetch GET 200 https://registry.npmjs.org/crc-32 116ms (cache miss)
44 silly packumentCache full:https://registry.npmjs.org/crc-32 set size:undefined disposed:false
45 http fetch GET 200 https://registry.npmjs.org/wmf 124ms (cache miss)
46 silly packumentCache full:https://registry.npmjs.org/wmf set size:undefined disposed:false
47 http fetch GET 200 https://registry.npmjs.org/codepage 125ms (cache miss)
48 silly packumentCache full:https://registry.npmjs.org/codepage set size:undefined disposed:false
49 http fetch GET 200 https://registry.npmjs.org/adler-32 130ms (cache miss)
50 silly packumentCache full:https://registry.npmjs.org/adler-32 set size:undefined disposed:false
51 http fetch GET 200 https://registry.npmjs.org/word 257ms (cache miss)
52 silly packumentCache full:https://registry.npmjs.org/word set size:undefined disposed:false
53 silly placeDep ROOT adler-32@1.3.1 OK for: xlsx@0.18.5 want: ~1.3.0
54 silly placeDep ROOT cfb@1.2.2 OK for: xlsx@0.18.5 want: ~1.2.1
55 silly placeDep ROOT codepage@1.15.0 OK for: xlsx@0.18.5 want: ~1.15.0
56 silly placeDep ROOT crc-32@1.2.2 OK for: xlsx@0.18.5 want: ~1.2.1
57 silly placeDep ROOT ssf@0.11.2 OK for: xlsx@0.18.5 want: ~0.11.2
58 silly placeDep ROOT wmf@1.0.2 OK for: xlsx@0.18.5 want: ~1.0.1
59 silly placeDep ROOT word@0.3.0 OK for: xlsx@0.18.5 want: ~0.3.0
60 silly fetch manifest crc-32@~1.2.0
61 silly packumentCache full:https://registry.npmjs.org/crc-32 cache-miss
62 silly fetch manifest frac@~1.1.2
63 silly packumentCache full:https://registry.npmjs.org/frac cache-miss
64 http cache https://registry.npmjs.org/crc-32 7ms (cache hit)
65 silly packumentCache full:https://registry.npmjs.org/crc-32 set size:32170 disposed:false
66 http fetch GET 200 https://registry.npmjs.org/frac 70ms (cache miss)
67 silly packumentCache full:https://registry.npmjs.org/frac set size:undefined disposed:false
68 silly placeDep ROOT frac@1.1.2 OK for: ssf@0.11.2 want: ~1.1.2
69 silly reify moves {}
70 silly audit bulk request {
70 silly audit   '@alloc/quick-lru': [ '5.2.0' ],
70 silly audit   '@babel/runtime': [ '7.28.6' ],
70 silly audit   '@dimforge/rapier3d-compat': [ '0.12.0' ],
70 silly audit   '@emnapi/core': [ '1.8.1' ],
70 silly audit   '@emnapi/runtime': [ '1.8.1' ],
70 silly audit   '@emnapi/wasi-threads': [ '1.1.0' ],
70 silly audit   '@eslint-community/eslint-utils': [ '4.9.1' ],
70 silly audit   '@eslint-community/regexpp': [ '4.12.2' ],
70 silly audit   '@eslint/eslintrc': [ '2.1.4' ],
70 silly audit   '@eslint/js': [ '8.57.1' ],
70 silly audit   '@humanwhocodes/config-array': [ '0.13.0' ],
70 silly audit   '@humanwhocodes/module-importer': [ '1.0.1' ],
70 silly audit   '@humanwhocodes/object-schema': [ '2.0.3' ],
70 silly audit   '@img/sharp-darwin-arm64': [ '0.33.5' ],
70 silly audit   '@img/sharp-darwin-x64': [ '0.33.5' ],
70 silly audit   '@img/sharp-libvips-darwin-arm64': [ '1.0.4' ],
70 silly audit   '@img/sharp-libvips-darwin-x64': [ '1.0.4' ],
70 silly audit   '@img/sharp-libvips-linux-arm': [ '1.0.5' ],
70 silly audit   '@img/sharp-libvips-linux-arm64': [ '1.0.4' ],
70 silly audit   '@img/sharp-libvips-linux-s390x': [ '1.0.4' ],
70 silly audit   '@img/sharp-libvips-linux-x64': [ '1.0.4' ],
70 silly audit   '@img/sharp-libvips-linuxmusl-arm64': [ '1.0.4' ],
70 silly audit   '@img/sharp-libvips-linuxmusl-x64': [ '1.0.4' ],
70 silly audit   '@img/sharp-linux-arm': [ '0.33.5' ],
70 silly audit   '@img/sharp-linux-arm64': [ '0.33.5' ],
70 silly audit   '@img/sharp-linux-s390x': [ '0.33.5' ],
70 silly audit   '@img/sharp-linux-x64': [ '0.33.5' ],
70 silly audit   '@img/sharp-linuxmusl-arm64': [ '0.33.5' ],
70 silly audit   '@img/sharp-linuxmusl-x64': [ '0.33.5' ],
70 silly audit   '@img/sharp-wasm32': [ '0.33.5' ],
70 silly audit   '@img/sharp-win32-ia32': [ '0.33.5' ],
70 silly audit   '@img/sharp-win32-x64': [ '0.33.5' ],
70 silly audit   '@jridgewell/gen-mapping': [ '0.3.13' ],
70 silly audit   '@jridgewell/remapping': [ '2.3.5' ],
70 silly audit   '@jridgewell/resolve-uri': [ '3.1.2' ],
70 silly audit   '@jridgewell/sourcemap-codec': [ '1.5.5' ],
70 silly audit   '@jridgewell/trace-mapping': [ '0.3.31' ],
70 silly audit   '@mediapipe/tasks-vision': [ '0.10.17' ],
70 silly audit   '@monogrid/gainmap-js': [ '3.4.0' ],
70 silly audit   '@napi-rs/wasm-runtime': [ '0.2.12' ],
70 silly audit   '@next/env': [ '15.1.0' ],
70 silly audit   '@next/eslint-plugin-next': [ '15.1.0' ],
70 silly audit   '@next/swc-darwin-arm64': [ '15.1.0' ],
70 silly audit   '@next/swc-darwin-x64': [ '15.1.0' ],
70 silly audit   '@next/swc-linux-arm64-gnu': [ '15.1.0' ],
70 silly audit   '@next/swc-linux-arm64-musl': [ '15.1.0' ],
70 silly audit   '@next/swc-linux-x64-gnu': [ '15.1.0' ],
70 silly audit   '@next/swc-linux-x64-musl': [ '15.1.0' ],
70 silly audit   '@next/swc-win32-arm64-msvc': [ '15.1.0' ],
70 silly audit   '@next/swc-win32-x64-msvc': [ '15.1.0' ],
70 silly audit   '@nodelib/fs.scandir': [ '2.1.5' ],
70 silly audit   '@nodelib/fs.stat': [ '2.0.5' ],
70 silly audit   '@nodelib/fs.walk': [ '1.2.8' ],
70 silly audit   '@nolyfill/is-core-module': [ '1.0.39' ],
70 silly audit   '@prisma/client': [ '6.19.2' ],
70 silly audit   '@prisma/config': [ '6.19.2' ],
70 silly audit   '@prisma/debug': [ '6.19.2' ],
70 silly audit   '@prisma/engines': [ '6.19.2' ],
70 silly audit   '@prisma/engines-version': [ '7.1.1-3.c2990dca591cba766e3b7ef5d9e8a84796e47ab7' ],
70 silly audit   '@prisma/fetch-engine': [ '6.19.2' ],
70 silly audit   '@prisma/get-platform': [ '6.19.2' ],
70 silly audit   '@react-three/drei': [ '10.7.7' ],
70 silly audit   '@react-three/fiber': [ '9.5.0' ],
70 silly audit   '@rtsao/scc': [ '1.1.0' ],
70 silly audit   '@rushstack/eslint-patch': [ '1.15.0' ],
70 silly audit   '@standard-schema/spec': [ '1.1.0' ],
70 silly audit   '@swc/counter': [ '0.1.3' ],
70 silly audit   '@swc/helpers': [ '0.5.15' ],
70 silly audit   '@tailwindcss/node': [ '4.1.18' ],
70 silly audit   '@tailwindcss/oxide': [ '4.1.18' ],
70 silly audit   '@tailwindcss/oxide-android-arm64': [ '4.1.18' ],
70 silly audit   '@tailwindcss/oxide-darwin-arm64': [ '4.1.18' ],
70 silly audit   '@tailwindcss/oxide-darwin-x64': [ '4.1.18' ],
70 silly audit   '@tailwindcss/oxide-freebsd-x64': [ '4.1.18' ],
70 silly audit   '@tailwindcss/oxide-linux-arm-gnueabihf': [ '4.1.18' ],
70 silly audit   '@tailwindcss/oxide-linux-arm64-gnu': [ '4.1.18' ],
70 silly audit   '@tailwindcss/oxide-linux-arm64-musl': [ '4.1.18' ],
70 silly audit   '@tailwindcss/oxide-linux-x64-gnu': [ '4.1.18' ],
70 silly audit   '@tailwindcss/oxide-linux-x64-musl': [ '4.1.18' ],
70 silly audit   '@tailwindcss/oxide-wasm32-wasi': [ '4.1.18' ],
70 silly audit   '@tailwindcss/oxide-win32-arm64-msvc': [ '4.1.18' ],
70 silly audit   '@tailwindcss/oxide-win32-x64-msvc': [ '4.1.18' ],
70 silly audit   '@tailwindcss/postcss': [ '4.1.18' ],
70 silly audit   '@tweenjs/tween.js': [ '23.1.3' ],
70 silly audit   '@tybys/wasm-util': [ '0.10.1' ],
70 silly audit   '@types/draco3d': [ '1.4.10' ],
70 silly audit   '@types/json5': [ '0.0.29' ],
70 silly audit   '@types/node': [ '20.19.32' ],
70 silly audit   '@types/offscreencanvas': [ '2019.7.3' ],
70 silly audit   '@types/react': [ '19.2.13' ],
70 silly audit   '@types/react-dom': [ '19.2.3' ],
70 silly audit   '@types/react-reconciler': [ '0.28.9' ],
70 silly audit   '@types/stats.js': [ '0.17.4' ],
70 silly audit   '@types/three': [ '0.182.0' ],
70 silly audit   '@types/webxr': [ '0.5.24' ],
70 silly audit   '@typescript-eslint/eslint-plugin': [ '8.54.0' ],
70 silly audit   ignore: [ '7.0.5', '5.3.2' ],
70 silly audit   '@typescript-eslint/parser': [ '8.54.0' ],
70 silly audit   '@typescript-eslint/project-service': [ '8.54.0' ],
70 silly audit   '@typescript-eslint/scope-manager': [ '8.54.0' ],
70 silly audit   '@typescript-eslint/tsconfig-utils': [ '8.54.0' ],
70 silly audit   '@typescript-eslint/type-utils': [ '8.54.0' ],
70 silly audit   '@typescript-eslint/types': [ '8.54.0' ],
70 silly audit   '@typescript-eslint/typescript-estree': [ '8.54.0' ],
70 silly audit   'brace-expansion': [ '2.0.2', '1.1.12' ],
70 silly audit   minimatch: [ '9.0.5', '3.1.2' ],
70 silly audit   semver: [ '7.7.4', '6.3.1' ],
70 silly audit   '@typescript-eslint/utils': [ '8.54.0' ],
70 silly audit   '@typescript-eslint/visitor-keys': [ '8.54.0' ],
70 silly audit   'eslint-visitor-keys': [ '4.2.1', '3.4.3' ],
70 silly audit   '@ungap/structured-clone': [ '1.3.0' ],
70 silly audit   '@unrs/resolver-binding-android-arm-eabi': [ '1.11.1' ],
70 silly audit   '@unrs/resolver-binding-android-arm64': [ '1.11.1' ],
70 silly audit   '@unrs/resolver-binding-darwin-arm64': [ '1.11.1' ],
70 silly audit   '@unrs/resolver-binding-darwin-x64': [ '1.11.1' ],
70 silly audit   '@unrs/resolver-binding-freebsd-x64': [ '1.11.1' ],
70 silly audit   '@unrs/resolver-binding-linux-arm-gnueabihf': [ '1.11.1' ],
70 silly audit   '@unrs/resolver-binding-linux-arm-musleabihf': [ '1.11.1' ],
70 silly audit   '@unrs/resolver-binding-linux-arm64-gnu': [ '1.11.1' ],
70 silly audit   '@unrs/resolver-binding-linux-arm64-musl': [ '1.11.1' ],
70 silly audit   '@unrs/resolver-binding-linux-ppc64-gnu': [ '1.11.1' ],
70 silly audit   '@unrs/resolver-binding-linux-riscv64-gnu': [ '1.11.1' ],
70 silly audit   '@unrs/resolver-binding-linux-riscv64-musl': [ '1.11.1' ],
70 silly audit   '@unrs/resolver-binding-linux-s390x-gnu': [ '1.11.1' ],
70 silly audit   '@unrs/resolver-binding-linux-x64-gnu': [ '1.11.1' ],
70 silly audit   '@unrs/resolver-binding-linux-x64-musl': [ '1.11.1' ],
70 silly audit   '@unrs/resolver-binding-wasm32-wasi': [ '1.11.1' ],
70 silly audit   '@unrs/resolver-binding-win32-arm64-msvc': [ '1.11.1' ],
70 silly audit   '@unrs/resolver-binding-win32-ia32-msvc': [ '1.11.1' ],
70 silly audit   '@unrs/resolver-binding-win32-x64-msvc': [ '1.11.1' ],
70 silly audit   '@use-gesture/core': [ '10.3.1' ],
70 silly audit   '@use-gesture/react': [ '10.3.1' ],
70 silly audit   '@webgpu/types': [ '0.1.69' ],
70 silly audit   acorn: [ '8.15.0' ],
70 silly audit   'acorn-jsx': [ '5.3.2' ],
70 silly audit   ajv: [ '6.12.6' ],
70 silly audit   'ansi-regex': [ '5.0.1' ],
70 silly audit   'ansi-styles': [ '4.3.0' ],
70 silly audit   argparse: [ '2.0.1' ],
70 silly audit   'aria-query': [ '5.3.2' ],
70 silly audit   'array-buffer-byte-length': [ '1.0.2' ],
70 silly audit   'array-includes': [ '3.1.9' ],
70 silly audit   'array.prototype.findlast': [ '1.2.5' ],
70 silly audit   'array.prototype.findlastindex': [ '1.2.6' ],
70 silly audit   'array.prototype.flat': [ '1.3.3' ],
70 silly audit   'array.prototype.flatmap': [ '1.3.3' ],
70 silly audit   'array.prototype.tosorted': [ '1.1.4' ],
70 silly audit   'arraybuffer.prototype.slice': [ '1.0.4' ],
70 silly audit   'ast-types-flow': [ '0.0.8' ],
70 silly audit   'async-function': [ '1.0.0' ],
70 silly audit   'available-typed-arrays': [ '1.0.7' ],
70 silly audit   'axe-core': [ '4.11.1' ],
70 silly audit   'axobject-query': [ '4.1.0' ],
70 silly audit   'balanced-match': [ '1.0.2' ],
70 silly audit   'base64-js': [ '1.5.1' ],
70 silly audit   'bidi-js': [ '1.0.3' ],
70 silly audit   braces: [ '3.0.3' ],
70 silly audit   buffer: [ '6.0.3' ],
70 silly audit   busboy: [ '1.6.0' ],
70 silly audit   c12: [ '3.1.0' ],
70 silly audit   'call-bind': [ '1.0.8' ],
70 silly audit   'call-bind-apply-helpers': [ '1.0.2' ],
70 silly audit   'call-bound': [ '1.0.4' ],
70 silly audit   callsites: [ '3.1.0' ],
70 silly audit   'camera-controls': [ '3.1.2' ],
70 silly audit   'caniuse-lite': [ '1.0.30001769' ],
70 silly audit   chalk: [ '4.1.2' ],
70 silly audit   chokidar: [ '4.0.3' ],
70 silly audit   citty: [ '0.1.6', '0.2.0' ],
70 silly audit   'client-only': [ '0.0.1' ],
70 silly audit   clsx: [ '2.1.1' ],
70 silly audit   color: [ '4.2.3' ],
70 silly audit   'color-convert': [ '2.0.1' ],
70 silly audit   'color-name': [ '1.1.4' ],
70 silly audit   'color-string': [ '1.9.1' ],
70 silly audit   'concat-map': [ '0.0.1' ],
70 silly audit   confbox: [ '0.2.4' ],
70 silly audit   consola: [ '3.4.2' ],
70 silly audit   'cross-env': [ '7.0.3' ],
70 silly audit   'cross-spawn': [ '7.0.6' ],
70 silly audit   csstype: [ '3.2.3' ],
70 silly audit   'damerau-levenshtein': [ '1.0.8' ],
70 silly audit   'data-view-buffer': [ '1.0.2' ],
70 silly audit   'data-view-byte-length': [ '1.0.2' ],
70 silly audit   'data-view-byte-offset': [ '1.0.1' ],
70 silly audit   debug: [ '4.4.3', '3.2.7' ],
70 silly audit   'deep-is': [ '0.1.4' ],
70 silly audit   'deepmerge-ts': [ '7.1.5' ],
70 silly audit   'define-data-property': [ '1.1.4' ],
70 silly audit   'define-properties': [ '1.2.1' ],
70 silly audit   defu: [ '6.1.4' ],
70 silly audit   destr: [ '2.0.5' ],
70 silly audit   'detect-gpu': [ '5.0.70' ],
70 silly audit   'detect-libc': [ '2.1.2' ],
70 silly audit   doctrine: [ '2.1.0', '3.0.0' ],
70 silly audit   dotenv: [ '16.6.1' ],
70 silly audit   draco3d: [ '1.5.7' ],
70 silly audit   'dunder-proto': [ '1.0.1' ],
70 silly audit   effect: [ '3.18.4' ],
70 silly audit   'emoji-regex': [ '9.2.2' ],
70 silly audit   empathic: [ '2.0.0' ],
70 silly audit   'enhanced-resolve': [ '5.19.0' ],
70 silly audit   'es-abstract': [ '1.24.1' ],
70 silly audit   'es-define-property': [ '1.0.1' ],
70 silly audit   'es-errors': [ '1.3.0' ],
70 silly audit   'es-iterator-helpers': [ '1.2.2' ],
70 silly audit   'es-object-atoms': [ '1.1.1' ],
70 silly audit   'es-set-tostringtag': [ '2.1.0' ],
70 silly audit   'es-shim-unscopables': [ '1.1.0' ],
70 silly audit   'es-to-primitive': [ '1.3.0' ],
70 silly audit   'escape-string-regexp': [ '4.0.0' ],
70 silly audit   eslint: [ '8.57.1' ],
70 silly audit   'eslint-config-next': [ '15.1.0' ],
70 silly audit   'eslint-import-resolver-node': [ '0.3.9' ],
70 silly audit   'eslint-import-resolver-typescript': [ '3.10.1' ],
70 silly audit   'eslint-module-utils': [ '2.12.1' ],
70 silly audit   'eslint-plugin-import': [ '2.32.0' ],
70 silly audit   'eslint-plugin-jsx-a11y': [ '6.10.2' ],
70 silly audit   'eslint-plugin-react': [ '7.37.5' ],
70 silly audit   'eslint-plugin-react-hooks': [ '5.2.0' ],
70 silly audit   resolve: [ '2.0.0-next.5', '1.22.11' ],
70 silly audit   'eslint-scope': [ '7.2.2' ],
70 silly audit   espree: [ '9.6.1' ],
70 silly audit   esquery: [ '1.7.0' ],
70 silly audit   esrecurse: [ '4.3.0' ],
70 silly audit   estraverse: [ '5.3.0' ],
70 silly audit   esutils: [ '2.0.3' ],
70 silly audit   exsolve: [ '1.0.8' ],
70 silly audit   'fast-check': [ '3.23.2' ],
70 silly audit   'fast-deep-equal': [ '3.1.3' ],
70 silly audit   'fast-glob': [ '3.3.1' ],
70 silly audit   'glob-parent': [ '5.1.2', '6.0.2' ],
70 silly audit   'fast-json-stable-stringify': [ '2.1.0' ],
70 silly audit   'fast-levenshtein': [ '2.0.6' ],
70 silly audit   fastq: [ '1.20.1' ],
70 silly audit   fflate: [ '0.8.2', '0.6.10' ],
70 silly audit   'file-entry-cache': [ '6.0.1' ],
70 silly audit   'fill-range': [ '7.1.1' ],
70 silly audit   'find-up': [ '5.0.0' ],
70 silly audit   'flat-cache': [ '3.2.0' ],
70 silly audit   flatted: [ '3.3.3' ],
70 silly audit   'for-each': [ '0.3.5' ],
70 silly audit   'framer-motion': [ '12.33.0' ],
70 silly audit   'fs.realpath': [ '1.0.0' ],
70 silly audit   'function-bind': [ '1.1.2' ],
70 silly audit   'function.prototype.name': [ '1.1.8' ],
70 silly audit   'functions-have-names': [ '1.2.3' ],
70 silly audit   'generator-function': [ '2.0.1' ],
70 silly audit   'get-intrinsic': [ '1.3.0' ],
70 silly audit   'get-proto': [ '1.0.1' ],
70 silly audit   'get-symbol-description': [ '1.1.0' ],
70 silly audit   'get-tsconfig': [ '4.13.6' ],
70 silly audit   giget: [ '2.0.0' ],
70 silly audit   glob: [ '7.2.3' ],
70 silly audit   globals: [ '13.24.0' ],
70 silly audit   globalthis: [ '1.0.4' ],
70 silly audit   'glsl-noise': [ '0.0.0' ],
70 silly audit   gopd: [ '1.2.0' ],
70 silly audit   'graceful-fs': [ '4.2.11' ],
70 silly audit   graphemer: [ '1.4.0' ],
70 silly audit   'has-bigints': [ '1.1.0' ],
70 silly audit   'has-flag': [ '4.0.0' ],
70 silly audit   'has-property-descriptors': [ '1.0.2' ],
70 silly audit   'has-proto': [ '1.2.0' ],
70 silly audit   'has-symbols': [ '1.1.0' ],
70 silly audit   'has-tostringtag': [ '1.0.2' ],
70 silly audit   hasown: [ '2.0.2' ],
70 silly audit   'hls.js': [ '1.6.15' ],
70 silly audit   ieee754: [ '1.2.1' ],
70 silly audit   immediate: [ '3.0.6' ],
70 silly audit   'import-fresh': [ '3.3.1' ],
70 silly audit   imurmurhash: [ '0.1.4' ],
70 silly audit   inflight: [ '1.0.6' ],
70 silly audit   inherits: [ '2.0.4' ],
70 silly audit   'internal-slot': [ '1.1.0' ],
70 silly audit   'is-array-buffer': [ '3.0.5' ],
70 silly audit   'is-arrayish': [ '0.3.4' ],
70 silly audit   'is-async-function': [ '2.1.1' ],
70 silly audit   'is-bigint': [ '1.1.0' ],
70 silly audit   'is-boolean-object': [ '1.2.2' ],
70 silly audit   'is-bun-module': [ '2.0.0' ],
70 silly audit   'is-callable': [ '1.2.7' ],
70 silly audit   'is-core-module': [ '2.16.1' ],
70 silly audit   'is-data-view': [ '1.0.2' ],
70 silly audit   'is-date-object': [ '1.1.0' ],
70 silly audit   'is-extglob': [ '2.1.1' ],
70 silly audit   'is-finalizationregistry': [ '1.1.1' ],
70 silly audit   'is-generator-function': [ '1.1.2' ],
70 silly audit   'is-glob': [ '4.0.3' ],
70 silly audit   'is-map': [ '2.0.3' ],
70 silly audit   'is-negative-zero': [ '2.0.3' ],
70 silly audit   'is-number': [ '7.0.0' ],
70 silly audit   'is-number-object': [ '1.1.1' ],
70 silly audit   'is-path-inside': [ '3.0.3' ],
70 silly audit   'is-promise': [ '2.2.2' ],
70 silly audit   'is-regex': [ '1.2.1' ],
70 silly audit   'is-set': [ '2.0.3' ],
70 silly audit   'is-shared-array-buffer': [ '1.0.4' ],
70 silly audit   'is-string': [ '1.1.1' ],
70 silly audit   'is-symbol': [ '1.1.1' ],
70 silly audit   'is-typed-array': [ '1.1.15' ],
70 silly audit   'is-weakmap': [ '2.0.2' ],
70 silly audit   'is-weakref': [ '1.1.1' ],
70 silly audit   'is-weakset': [ '2.0.4' ],
70 silly audit   isarray: [ '2.0.5' ],
70 silly audit   isexe: [ '2.0.0' ],
70 silly audit   'iterator.prototype': [ '1.1.5' ],
70 silly audit   'its-fine': [ '2.0.0' ],
70 silly audit   jiti: [ '2.6.1' ],
70 silly audit   'js-tokens': [ '4.0.0' ],
70 silly audit   'js-yaml': [ '4.1.1' ],
70 silly audit   'json-buffer': [ '3.0.1' ],
70 silly audit   'json-schema-traverse': [ '0.4.1' ],
70 silly audit   'json-stable-stringify-without-jsonify': [ '1.0.1' ],
70 silly audit   'jsx-ast-utils': [ '3.3.5' ],
70 silly audit   keyv: [ '4.5.4' ],
70 silly audit   'language-subtag-registry': [ '0.3.23' ],
70 silly audit   'language-tags': [ '1.0.9' ],
70 silly audit   levn: [ '0.4.1' ],
70 silly audit   lie: [ '3.3.0' ],
70 silly audit   lightningcss: [ '1.30.2' ],
70 silly audit   'lightningcss-android-arm64': [ '1.30.2' ],
70 silly audit   'lightningcss-darwin-arm64': [ '1.30.2' ],
70 silly audit   'lightningcss-darwin-x64': [ '1.30.2' ],
70 silly audit   'lightningcss-freebsd-x64': [ '1.30.2' ],
70 silly audit   'lightningcss-linux-arm-gnueabihf': [ '1.30.2' ],
70 silly audit   'lightningcss-linux-arm64-gnu': [ '1.30.2' ],
70 silly audit   'lightningcss-linux-arm64-musl': [ '1.30.2' ],
70 silly audit   'lightningcss-linux-x64-gnu': [ '1.30.2' ],
70 silly audit   'lightningcss-linux-x64-musl': [ '1.30.2' ],
70 silly audit   'lightningcss-win32-arm64-msvc': [ '1.30.2' ],
70 silly audit   'lightningcss-win32-x64-msvc': [ '1.30.2' ],
70 silly audit   'locate-path': [ '6.0.0' ],
70 silly audit   'lodash.merge': [ '4.6.2' ],
70 silly audit   'loose-envify': [ '1.4.0' ],
70 silly audit   'lucide-react': [ '0.563.0' ],
70 silly audit   maath: [ '0.10.8' ],
70 silly audit   'magic-string': [ '0.30.21' ],
70 silly audit   'math-intrinsics': [ '1.1.0' ],
70 silly audit   merge2: [ '1.4.1' ],
70 silly audit   meshline: [ '3.3.1' ],
70 silly audit   meshoptimizer: [ '0.22.0' ],
70 silly audit   micromatch: [ '4.0.8' ],
70 silly audit   'mini-svg-data-uri': [ '1.4.4' ],
70 silly audit   minimist: [ '1.2.8' ],
70 silly audit   'motion-dom': [ '12.33.0' ],
70 silly audit   'motion-utils': [ '12.29.2' ],
70 silly audit   ms: [ '2.1.3' ],
70 silly audit   nanoid: [ '3.3.11' ],
70 silly audit   'napi-postinstall': [ '0.3.4' ],
70 silly audit   'natural-compare': [ '1.4.0' ],
70 silly audit   next: [ '15.1.0' ],
70 silly audit   postcss: [ '8.4.31', '8.5.6' ],
70 silly audit   'node-fetch-native': [ '1.6.7' ],
70 silly audit   nypm: [ '0.6.5' ],
70 silly audit   'object-assign': [ '4.1.1' ],
70 silly audit   'object-inspect': [ '1.13.4' ],
70 silly audit   'object-keys': [ '1.1.1' ],
70 silly audit   'object.assign': [ '4.1.7' ],
70 silly audit   'object.entries': [ '1.1.9' ],
70 silly audit   'object.fromentries': [ '2.0.8' ],
70 silly audit   'object.groupby': [ '1.0.3' ],
70 silly audit   'object.values': [ '1.2.1' ],
70 silly audit   ohash: [ '2.0.11' ],
70 silly audit   once: [ '1.4.0' ],
70 silly audit   optionator: [ '0.9.4' ],
70 silly audit   'own-keys': [ '1.0.1' ],
70 silly audit   'p-limit': [ '3.1.0' ],
70 silly audit   'p-locate': [ '5.0.0' ],
70 silly audit   'parent-module': [ '1.0.1' ],
70 silly audit   'path-exists': [ '4.0.0' ],
70 silly audit   'path-is-absolute': [ '1.0.1' ],
70 silly audit   'path-key': [ '3.1.1' ],
70 silly audit   'path-parse': [ '1.0.7' ],
70 silly audit   pathe: [ '2.0.3' ],
70 silly audit   'perfect-debounce': [ '1.0.0' ],
70 silly audit   picocolors: [ '1.1.1' ],
70 silly audit   picomatch: [ '2.3.1', '4.0.3' ],
70 silly audit   'pkg-types': [ '2.3.0' ],
70 silly audit   'possible-typed-array-names': [ '1.1.0' ],
70 silly audit   potpack: [ '1.0.2' ],
70 silly audit   'prelude-ls': [ '1.2.1' ],
70 silly audit   prisma: [ '6.19.2' ],
70 silly audit   'promise-worker-transferable': [ '1.0.4' ],
70 silly audit   'prop-types': [ '15.8.1' ],
70 silly audit   punycode: [ '2.3.1' ],
70 silly audit   'pure-rand': [ '6.1.0' ],
70 silly audit   'queue-microtask': [ '1.2.3' ],
70 silly audit   rc9: [ '2.1.2' ],
70 silly audit   react: [ '19.0.0' ],
70 silly audit   'react-dom': [ '19.0.0' ],
70 silly audit   scheduler: [ '0.25.0', '0.27.0' ],
70 silly audit   'react-is': [ '16.13.1' ],
70 silly audit   'react-use-measure': [ '2.1.7' ],
70 silly audit   readdirp: [ '4.1.2' ],
70 silly audit   'reflect.getprototypeof': [ '1.0.10' ],
70 silly audit   'regexp.prototype.flags': [ '1.5.4' ],
70 silly audit   'require-from-string': [ '2.0.2' ],
70 silly audit   'resolve-from': [ '4.0.0' ],
70 silly audit   'resolve-pkg-maps': [ '1.0.0' ],
70 silly audit   reusify: [ '1.1.0' ],
70 silly audit   rimraf: [ '3.0.2' ],
70 silly audit   'run-parallel': [ '1.2.0' ],
70 silly audit   'safe-array-concat': [ '1.1.3' ],
70 silly audit   'safe-push-apply': [ '1.0.0' ],
70 silly audit   'safe-regex-test': [ '1.1.0' ],
70 silly audit   'set-function-length': [ '1.2.2' ],
70 silly audit   'set-function-name': [ '2.0.2' ],
70 silly audit   'set-proto': [ '1.0.0' ],
70 silly audit   sharp: [ '0.33.5' ],
70 silly audit   'shebang-command': [ '2.0.0' ],
70 silly audit   'shebang-regex': [ '3.0.0' ],
70 silly audit   'side-channel': [ '1.1.0' ],
70 silly audit   'side-channel-list': [ '1.0.0' ],
70 silly audit   'side-channel-map': [ '1.0.1' ],
70 silly audit   'side-channel-weakmap': [ '1.0.2' ],
70 silly audit   'simple-swizzle': [ '0.2.4' ],
70 silly audit   'source-map-js': [ '1.2.1' ],
70 silly audit   'stable-hash': [ '0.0.5' ],
70 silly audit   'stats-gl': [ '2.4.2' ],
70 silly audit   three: [ '0.170.0', '0.182.0' ],
70 silly audit   'stats.js': [ '0.17.0' ],
70 silly audit   'stop-iteration-iterator': [ '1.1.0' ],
70 silly audit   streamsearch: [ '1.1.0' ],
70 silly audit   'string.prototype.includes': [ '2.0.1' ],
70 silly audit   'string.prototype.matchall': [ '4.0.12' ],
70 silly audit   'string.prototype.repeat': [ '1.0.0' ],
70 silly audit   'string.prototype.trim': [ '1.2.10' ],
70 silly audit   'string.prototype.trimend': [ '1.0.9' ],
70 silly audit   'string.prototype.trimstart': [ '1.0.8' ],
70 silly audit   'strip-ansi': [ '6.0.1' ],
70 silly audit   'strip-bom': [ '3.0.0' ],
70 silly audit   'strip-json-comments': [ '3.1.1' ],
70 silly audit   'styled-jsx': [ '5.1.6' ],
70 silly audit   'supports-color': [ '7.2.0' ],
70 silly audit   'supports-preserve-symlinks-flag': [ '1.0.0' ],
70 silly audit   'suspend-react': [ '0.1.3' ],
70 silly audit   'tailwind-merge': [ '3.4.0' ],
70 silly audit   tailwindcss: [ '4.1.18' ],
70 silly audit   tapable: [ '2.3.0' ],
70 silly audit   'text-table': [ '0.2.0' ],
70 silly audit   'three-mesh-bvh': [ '0.8.3' ],
70 silly audit   'three-stdlib': [ '2.36.1' ],
70 silly audit   tinyexec: [ '1.0.2' ],
70 silly audit   tinyglobby: [ '0.2.15' ],
70 silly audit   fdir: [ '6.5.0' ],
70 silly audit   'to-regex-range': [ '5.0.1' ],
70 silly audit   'troika-three-text': [ '0.52.4' ],
70 silly audit   'troika-three-utils': [ '0.52.4' ],
70 silly audit   'troika-worker-utils': [ '0.52.0' ],
70 silly audit   'ts-api-utils': [ '2.4.0' ],
70 silly audit   'tsconfig-paths': [ '3.15.0' ],
70 silly audit   json5: [ '1.0.2' ],
70 silly audit   tslib: [ '2.8.1' ],
70 silly audit   'tunnel-rat': [ '0.1.2' ],
70 silly audit   zustand: [ '4.5.7', '5.0.11' ],
70 silly audit   'type-check': [ '0.4.0' ],
70 silly audit   'type-fest': [ '0.20.2' ],
70 silly audit   'typed-array-buffer': [ '1.0.3' ],
70 silly audit   'typed-array-byte-length': [ '1.0.3' ],
70 silly audit   'typed-array-byte-offset': [ '1.0.4' ],
70 silly audit   'typed-array-length': [ '1.0.7' ],
70 silly audit   typescript: [ '5.9.3' ],
70 silly audit   'unbox-primitive': [ '1.1.0' ],
70 silly audit   'undici-types': [ '6.21.0' ],
70 silly audit   'unrs-resolver': [ '1.11.1' ],
70 silly audit   'uri-js': [ '4.4.1' ],
70 silly audit   'use-sync-external-store': [ '1.6.0' ],
70 silly audit   'utility-types': [ '3.11.0' ],
70 silly audit   'webgl-constants': [ '1.1.1' ],
70 silly audit   'webgl-sdf-generator': [ '1.1.1' ],
70 silly audit   which: [ '2.0.2' ],
70 silly audit   'which-boxed-primitive': [ '1.1.1' ],
70 silly audit   'which-builtin-type': [ '1.2.1' ],
70 silly audit   'which-collection': [ '1.0.2' ],
70 silly audit   'which-typed-array': [ '1.1.20' ],
70 silly audit   'word-wrap': [ '1.2.5' ],
70 silly audit   wrappy: [ '1.0.2' ],
70 silly audit   'yocto-queue': [ '0.1.0' ],
70 silly audit   papaparse: [ '5.5.3' ],
70 silly audit   xlsx: [ '0.18.5' ],
70 silly audit   'adler-32': [ '1.3.1' ],
70 silly audit   cfb: [ '1.2.2' ],
70 silly audit   codepage: [ '1.15.0' ],
70 silly audit   'crc-32': [ '1.2.2' ],
70 silly audit   ssf: [ '0.11.2' ],
70 silly audit   wmf: [ '1.0.2' ],
70 silly audit   word: [ '0.3.0' ],
70 silly audit   frac: [ '1.1.2' ]
70 silly audit }
71 http cache word@https://registry.npmjs.org/word/-/word-0.3.0.tgz 0ms (cache hit)
72 http cache frac@https://registry.npmjs.org/frac/-/frac-1.1.2.tgz 0ms (cache hit)
73 http cache ssf@https://registry.npmjs.org/ssf/-/ssf-0.11.2.tgz 0ms (cache hit)
74 http cache wmf@https://registry.npmjs.org/wmf/-/wmf-1.0.2.tgz 0ms (cache hit)
75 http cache crc-32@https://registry.npmjs.org/crc-32/-/crc-32-1.2.2.tgz 0ms (cache hit)
76 http cache cfb@https://registry.npmjs.org/cfb/-/cfb-1.2.2.tgz 0ms (cache hit)
77 http cache codepage@https://registry.npmjs.org/codepage/-/codepage-1.15.0.tgz 0ms (cache hit)
78 http cache adler-32@https://registry.npmjs.org/adler-32/-/adler-32-1.3.1.tgz 0ms (cache hit)
79 http cache xlsx@https://registry.npmjs.org/xlsx/-/xlsx-0.18.5.tgz 0ms (cache hit)
80 silly tarball no local data for word@https://registry.npmjs.org/word/-/word-0.3.0.tgz. Extracting by manifest.
81 silly tarball no local data for frac@https://registry.npmjs.org/frac/-/frac-1.1.2.tgz. Extracting by manifest.
82 silly tarball no local data for ssf@https://registry.npmjs.org/ssf/-/ssf-0.11.2.tgz. Extracting by manifest.
83 silly tarball no local data for wmf@https://registry.npmjs.org/wmf/-/wmf-1.0.2.tgz. Extracting by manifest.
84 silly tarball no local data for cfb@https://registry.npmjs.org/cfb/-/cfb-1.2.2.tgz. Extracting by manifest.
85 silly tarball no local data for crc-32@https://registry.npmjs.org/crc-32/-/crc-32-1.2.2.tgz. Extracting by manifest.
86 http cache papaparse@https://registry.npmjs.org/papaparse/-/papaparse-5.5.3.tgz 0ms (cache hit)
87 silly tarball no local data for adler-32@https://registry.npmjs.org/adler-32/-/adler-32-1.3.1.tgz. Extracting by manifest.
88 silly tarball no local data for codepage@https://registry.npmjs.org/codepage/-/codepage-1.15.0.tgz. Extracting by manifest.
89 silly tarball no local data for xlsx@https://registry.npmjs.org/xlsx/-/xlsx-0.18.5.tgz. Extracting by manifest.
90 silly tarball no local data for papaparse@https://registry.npmjs.org/papaparse/-/papaparse-5.5.3.tgz. Extracting by manifest.
91 http fetch GET 200 https://registry.npmjs.org/word/-/word-0.3.0.tgz 51ms (cache miss)
92 http fetch GET 200 https://registry.npmjs.org/crc-32/-/crc-32-1.2.2.tgz 51ms (cache miss)
93 http fetch GET 200 https://registry.npmjs.org/frac/-/frac-1.1.2.tgz 67ms (cache miss)
94 http fetch GET 200 https://registry.npmjs.org/ssf/-/ssf-0.11.2.tgz 68ms (cache miss)
95 http fetch GET 200 https://registry.npmjs.org/wmf/-/wmf-1.0.2.tgz 74ms (cache miss)
96 http fetch GET 200 https://registry.npmjs.org/cfb/-/cfb-1.2.2.tgz 80ms (cache miss)
97 http fetch GET 200 https://registry.npmjs.org/adler-32/-/adler-32-1.3.1.tgz 129ms (cache miss)
98 http fetch GET 200 https://registry.npmjs.org/papaparse/-/papaparse-5.5.3.tgz 160ms (cache miss)
99 http fetch POST 200 https://registry.npmjs.org/-/npm/v1/security/advisories/bulk 185ms
100 silly audit report {
100 silly audit report   next: [
100 silly audit report     {
100 silly audit report       id: 1101437,
100 silly audit report       url: 'https://github.com/advisories/GHSA-7m27-7ghc-44w9',
100 silly audit report       title: 'Next.js Allows a Denial of Service (DoS) with Server Actions',
100 silly audit report       severity: 'moderate',
100 silly audit report       vulnerable_versions: '>=15.0.0 <15.1.2',
100 silly audit report       cwe: [Array],
100 silly audit report       cvss: [Object]
100 silly audit report     },
100 silly audit report     {
100 silly audit report       id: 1105462,
100 silly audit report       url: 'https://github.com/advisories/GHSA-3h52-269p-cp9r',
100 silly audit report       title: 'Information exposure in Next.js dev server due to lack of origin verification',
100 silly audit report       severity: 'low',
100 silly audit report       vulnerable_versions: '>=15.0.0 <15.2.2',
100 silly audit report       cwe: [Array],
100 silly audit report       cvss: [Object]
100 silly audit report     },
100 silly audit report     {
100 silly audit report       id: 1105948,
100 silly audit report       url: 'https://github.com/advisories/GHSA-67rr-84xm-4c7r',
100 silly audit report       title: 'Next.JS vulnerability can lead to DoS via cache poisoning ',
100 silly audit report       severity: 'high',
100 silly audit report       vulnerable_versions: '>=15.0.4-canary.51 <15.1.8',
100 silly audit report       cwe: [Array],
100 silly audit report       cvss: [Object]
100 silly audit report     },
100 silly audit report     {
100 silly audit report       id: 1111367,
100 silly audit report       url: 'https://github.com/advisories/GHSA-9qr9-h5gf-34mp',
100 silly audit report       title: 'Next.js is vulnerable to RCE in React flight protocol',
100 silly audit report       severity: 'critical',
100 silly audit report       vulnerable_versions: '>=15.1.0-canary.0 <15.1.9',
100 silly audit report       cwe: [Array],
100 silly audit report       cvss: [Object]
100 silly audit report     },
100 silly audit report     {
100 silly audit report       id: 1107228,
100 silly audit report       url: 'https://github.com/advisories/GHSA-g5qg-72qw-gw5v',
100 silly audit report       title: 'Next.js Affected by Cache Key Confusion for Image Optimization API Routes',
100 silly audit report       severity: 'moderate',
100 silly audit report       vulnerable_versions: '>=15.0.0 <=15.4.4',
100 silly audit report       cwe: [Array],
100 silly audit report       cvss: [Object]
100 silly audit report     },
100 silly audit report     {
100 silly audit report       id: 1107514,
100 silly audit report       url: 'https://github.com/advisories/GHSA-xv57-4mr9-wg8v',
100 silly audit report       title: 'Next.js Content Injection Vulnerability for Image Optimization',
100 silly audit report       severity: 'moderate',
100 silly audit report       vulnerable_versions: '>=15.0.0 <=15.4.4',
100 silly audit report       cwe: [Array],
100 silly audit report       cvss: [Object]
100 silly audit report     },
100 silly audit report     {
100 silly audit report       id: 1107515,
100 silly audit report       url: 'https://github.com/advisories/GHSA-4342-x723-ch2f',
100 silly audit report       title: 'Next.js Improper Middleware Redirect Handling Leads to SSRF',
100 silly audit report       severity: 'moderate',
100 silly audit report       vulnerable_versions: '>=15.0.0-canary.0 <15.4.7',
100 silly audit report       cwe: [Array],
100 silly audit report       cvss: [Object]
100 silly audit report     },
100 silly audit report     {
100 silly audit report       id: 1108410,
100 silly audit report       url: 'https://github.com/advisories/GHSA-qpjv-v59x-3qc4',
100 silly audit report       title: 'Next.js Race Condition to Cache Poisoning',
100 silly audit report       severity: 'low',
100 silly audit report       vulnerable_versions: '>=15.0.0 <15.1.6',
100 silly audit report       cwe: [Array],
100 silly audit report       cvss: [Object]
100 silly audit report     },
100 silly audit report     {
100 silly audit report       id: 1108952,
100 silly audit report       url: 'https://github.com/advisories/GHSA-f82v-jwr5-mffw',
100 silly audit report       title: 'Authorization Bypass in Next.js Middleware',
100 silly audit report       severity: 'critical',
100 silly audit report       vulnerable_versions: '>=15.0.0 <15.2.3',
100 silly audit report       cwe: [Array],
100 silly audit report       cvss: [Object]
100 silly audit report     },
100 silly audit report     {
100 silly audit report       id: 1112593,
100 silly audit report       url: 'https://github.com/advisories/GHSA-9g9p-9gw9-jx7f',
100 silly audit report       title: 'Next.js self-hosted applications vulnerable to DoS via Image Optimizer remotePatterns configuration',
100 silly audit report       severity: 'moderate',
100 silly audit report       vulnerable_versions: '>=10.0.0 <15.5.10',
100 silly audit report       cwe: [Array],
100 silly audit report       cvss: [Object]
100 silly audit report     }
100 silly audit report   ],
100 silly audit report   xlsx: [
100 silly audit report     {
100 silly audit report       id: 1108110,
100 silly audit report       url: 'https://github.com/advisories/GHSA-4r6h-8v6p-xvw6',
100 silly audit report       title: 'Prototype Pollution in sheetJS',
100 silly audit report       severity: 'high',
100 silly audit report       vulnerable_versions: '<0.19.3',
100 silly audit report       cwe: [Array],
100 silly audit report       cvss: [Object]
100 silly audit report     },
100 silly audit report     {
100 silly audit report       id: 1108111,
100 silly audit report       url: 'https://github.com/advisories/GHSA-5pgg-2g8v-p4x9',
100 silly audit report       title: 'SheetJS Regular Expression Denial of Service (ReDoS)',
100 silly audit report       severity: 'high',
100 silly audit report       vulnerable_versions: '<0.20.2',
100 silly audit report       cwe: [Array],
100 silly audit report       cvss: [Object]
100 silly audit report     }
100 silly audit report   ]
100 silly audit report }
101 silly packumentCache corgi:https://registry.npmjs.org/next cache-miss
102 silly packumentCache corgi:https://registry.npmjs.org/xlsx cache-miss
103 http fetch GET 200 https://registry.npmjs.org/xlsx 88ms (cache miss)
104 silly packumentCache corgi:https://registry.npmjs.org/xlsx set size:undefined disposed:false
105 http fetch GET 200 https://registry.npmjs.org/codepage/-/codepage-1.15.0.tgz 278ms (cache miss)
106 http fetch GET 200 https://registry.npmjs.org/xlsx/-/xlsx-0.18.5.tgz 287ms (cache miss)
107 http fetch GET 200 https://registry.npmjs.org/next 350ms (cache revalidated)
108 silly packumentCache corgi:https://registry.npmjs.org/next set size:23748627 disposed:false
109 silly ADD node_modules/frac
110 silly ADD node_modules/word
111 silly ADD node_modules/wmf
112 silly ADD node_modules/ssf
113 silly ADD node_modules/crc-32
114 silly ADD node_modules/codepage
115 silly ADD node_modules/cfb
116 silly ADD node_modules/adler-32
117 silly ADD node_modules/xlsx
118 silly ADD node_modules/papaparse
119 verbose cwd /Users/andres/Documents/Documentos - MacBook Air de Andres/Proyecto sistema contable /Sistema-ERP-Pitalito
120 verbose os Darwin 25.2.0
121 verbose node v25.4.0
122 verbose npm  v11.7.0
123 verbose exit 0
124 info ok
