0 verbose cli /opt/homebrew/Cellar/node/25.4.0/bin/node /opt/homebrew/bin/npm
1 info using npm@11.7.0
2 info using node@v25.4.0
3 silly config load:file:/opt/homebrew/lib/node_modules/npm/npmrc
4 silly config load:file:/Users/andres/Documents/Documentos - MacBook Air de Andres/Proyecto sistema contable /Sistema-ERP-Pitalito/.npmrc
5 silly config load:file:/Users/andres/.npmrc
6 silly config load:file:/opt/homebrew/etc/npmrc
7 verbose title npm install
8 verbose argv "install" "--cache" "./npm-cache"
9 verbose logfile logs-max:10 dir:/Users/andres/Documents/Documentos - MacBook Air de Andres/Proyecto sistema contable /Sistema-ERP-Pitalito/npm-cache/_logs/2026-02-07T15_58_29_041Z-
10 verbose logfile /Users/andres/Documents/Documentos - MacBook Air de Andres/Proyecto sistema contable /Sistema-ERP-Pitalito/npm-cache/_logs/2026-02-07T15_58_29_041Z-debug-0.log
11 silly logfile done cleaning log files
12 silly packumentCache heap:2348810240 maxSize:587202560 maxEntrySize:293601280
13 silly idealTree buildDeps
14 silly fetch manifest next@15.1.0
15 silly packumentCache full:https://registry.npmjs.org/next cache-miss
16 http fetch GET 200 https://registry.npmjs.org/next 279ms (cache revalidated)
17 silly packumentCache full:https://registry.npmjs.org/next set size:28961961 disposed:false
18 silly fetch manifest @opentelemetry/api@^1.1.0
19 silly packumentCache full:https://registry.npmjs.org/@opentelemetry%2fapi cache-miss
20 http fetch GET 200 https://registry.npmjs.org/@opentelemetry%2fapi 61ms (cache revalidated)
21 silly packumentCache full:https://registry.npmjs.org/@opentelemetry%2fapi set size:455567 disposed:false
22 silly fetch manifest @playwright/test@^1.41.2
23 silly packumentCache full:https://registry.npmjs.org/@playwright%2ftest cache-miss
24 http fetch GET 200 https://registry.npmjs.org/@playwright%2ftest 58ms (cache revalidated)
25 silly packumentCache full:https://registry.npmjs.org/@playwright%2ftest set size:8747907 disposed:false
26 silly fetch manifest babel-plugin-react-compiler@*
27 silly packumentCache full:https://registry.npmjs.org/babel-plugin-react-compiler cache-miss
28 http fetch GET 200 https://registry.npmjs.org/babel-plugin-react-compiler 41ms (cache revalidated)
29 silly packumentCache full:https://registry.npmjs.org/babel-plugin-react-compiler set size:1227696 disposed:false
30 silly fetch manifest react@19.0.0
31 silly packumentCache full:https://registry.npmjs.org/react cache-miss
32 http fetch GET 200 https://registry.npmjs.org/react 49ms (cache revalidated)
33 silly packumentCache full:https://registry.npmjs.org/react set size:6466562 disposed:false
34 silly fetch manifest react-dom@19.0.0
35 silly packumentCache full:https://registry.npmjs.org/react-dom cache-miss
36 http fetch GET 200 https://registry.npmjs.org/react-dom 51ms (cache revalidated)
37 silly packumentCache full:https://registry.npmjs.org/react-dom set size:8553406 disposed:false
38 silly fetch manifest sass@^1.3.0
39 silly packumentCache full:https://registry.npmjs.org/sass cache-miss
40 http fetch GET 200 https://registry.npmjs.org/sass 53ms (cache revalidated)
41 silly packumentCache full:https://registry.npmjs.org/sass set size:722061 disposed:false
42 silly placeDep ROOT next@15.1.0 REPLACE for: sistema-erp-pitalito@0.1.0 want: 15.1.0
43 silly placeDep ROOT react@19.0.0 REPLACE for: sistema-erp-pitalito@0.1.0 want: 19.0.0
44 warn ERESOLVE overriding peer dependency {
44 warn ERESOLVE   code: 'ERESOLVE',
44 warn ERESOLVE   edge: {
44 warn ERESOLVE     type: 'peer',
44 warn ERESOLVE     name: 'react',
44 warn ERESOLVE     spec: '^19.2.3',
44 warn ERESOLVE     from: {
44 warn ERESOLVE       name: 'react-dom',
44 warn ERESOLVE       version: '19.2.3',
44 warn ERESOLVE       location: 'node_modules/react-dom',
44 warn ERESOLVE       isWorkspace: false,
44 warn ERESOLVE       dependents: [Array]
44 warn ERESOLVE     }
44 warn ERESOLVE   },
44 warn ERESOLVE   dep: {
44 warn ERESOLVE     name: 'react',
44 warn ERESOLVE     version: '19.0.0',
44 warn ERESOLVE     whileInstalling: {
44 warn ERESOLVE       name: 'sistema-erp-pitalito',
44 warn ERESOLVE       version: '0.1.0',
44 warn ERESOLVE       path: '/Users/andres/Documents/Documentos - MacBook Air de Andres/Proyecto sistema contable /Sistema-ERP-Pitalito'
44 warn ERESOLVE     },
44 warn ERESOLVE     location: 'node_modules/react',
44 warn ERESOLVE     isWorkspace: false,
44 warn ERESOLVE     dependents: [ [Object] ]
44 warn ERESOLVE   },
44 warn ERESOLVE   force: false,
44 warn ERESOLVE   isMine: true,
44 warn ERESOLVE   strictPeerDeps: false,
44 warn ERESOLVE   current: {
44 warn ERESOLVE     name: 'react',
44 warn ERESOLVE     version: '19.2.3',
44 warn ERESOLVE     location: 'node_modules/react',
44 warn ERESOLVE     isWorkspace: false,
44 warn ERESOLVE     dependents: [
44 warn ERESOLVE       [Object], [Object],
44 warn ERESOLVE       [Object], [Object],
44 warn ERESOLVE       [Object], [Object],
44 warn ERESOLVE       [Object], [Object],
44 warn ERESOLVE       [Object], [Object],
44 warn ERESOLVE       [Object], [Object],
44 warn ERESOLVE       [Object], [Object],
44 warn ERESOLVE       [Object]
44 warn ERESOLVE     ]
44 warn ERESOLVE   }
44 warn ERESOLVE }
45 warn ERESOLVE overriding peer dependency {
45 warn ERESOLVE   code: 'ERESOLVE',
45 warn ERESOLVE   edge: {
45 warn ERESOLVE     type: 'peer',
45 warn ERESOLVE     name: 'react',
45 warn ERESOLVE     spec: '^19.2.3',
45 warn ERESOLVE     from: {
45 warn ERESOLVE       name: 'react-dom',
45 warn ERESOLVE       version: '19.2.3',
45 warn ERESOLVE       location: 'node_modules/react-dom',
45 warn ERESOLVE       isWorkspace: false,
45 warn ERESOLVE       dependents: [Array]
45 warn ERESOLVE     }
45 warn ERESOLVE   },
45 warn ERESOLVE   dep: {
45 warn ERESOLVE     name: 'react',
45 warn ERESOLVE     version: '19.0.0',
45 warn ERESOLVE     whileInstalling: {
45 warn ERESOLVE       name: 'sistema-erp-pitalito',
45 warn ERESOLVE       version: '0.1.0',
45 warn ERESOLVE       path: '/Users/andres/Documents/Documentos - MacBook Air de Andres/Proyecto sistema contable /Sistema-ERP-Pitalito'
45 warn ERESOLVE     },
45 warn ERESOLVE     location: 'node_modules/react',
45 warn ERESOLVE     isWorkspace: false,
45 warn ERESOLVE     dependents: [ [Object] ]
45 warn ERESOLVE   },
45 warn ERESOLVE   force: false,
45 warn ERESOLVE   isMine: true,
45 warn ERESOLVE   strictPeerDeps: false,
45 warn ERESOLVE   current: {
45 warn ERESOLVE     name: 'react',
45 warn ERESOLVE     version: '19.2.3',
45 warn ERESOLVE     location: 'node_modules/react',
45 warn ERESOLVE     isWorkspace: false,
45 warn ERESOLVE     dependents: [
45 warn ERESOLVE       [Object], [Object],
45 warn ERESOLVE       [Object], [Object],
45 warn ERESOLVE       [Object], [Object],
45 warn ERESOLVE       [Object], [Object],
45 warn ERESOLVE       [Object], [Object],
45 warn ERESOLVE       [Object], [Object],
45 warn ERESOLVE       [Object], [Object],
45 warn ERESOLVE       [Object]
45 warn ERESOLVE     ]
45 warn ERESOLVE   }
45 warn ERESOLVE }
46 warn ERESOLVE overriding peer dependency {
46 warn ERESOLVE   code: 'ERESOLVE',
46 warn ERESOLVE   edge: {
46 warn ERESOLVE     type: 'peer',
46 warn ERESOLVE     name: 'react',
46 warn ERESOLVE     spec: '^19.2.3',
46 warn ERESOLVE     from: {
46 warn ERESOLVE       name: 'react-dom',
46 warn ERESOLVE       version: '19.2.3',
46 warn ERESOLVE       location: 'node_modules/react-dom',
46 warn ERESOLVE       isWorkspace: false,
46 warn ERESOLVE       dependents: [Array]
46 warn ERESOLVE     }
46 warn ERESOLVE   },
46 warn ERESOLVE   dep: {
46 warn ERESOLVE     name: 'react',
46 warn ERESOLVE     version: '19.0.0',
46 warn ERESOLVE     whileInstalling: {
46 warn ERESOLVE       name: 'sistema-erp-pitalito',
46 warn ERESOLVE       version: '0.1.0',
46 warn ERESOLVE       path: '/Users/andres/Documents/Documentos - MacBook Air de Andres/Proyecto sistema contable /Sistema-ERP-Pitalito'
46 warn ERESOLVE     },
46 warn ERESOLVE     location: 'node_modules/react',
46 warn ERESOLVE     isWorkspace: false,
46 warn ERESOLVE     dependents: [ [Object] ]
46 warn ERESOLVE   },
46 warn ERESOLVE   force: false,
46 warn ERESOLVE   isMine: true,
46 warn ERESOLVE   strictPeerDeps: false,
46 warn ERESOLVE   current: {
46 warn ERESOLVE     name: 'react',
46 warn ERESOLVE     version: '19.2.3',
46 warn ERESOLVE     location: 'node_modules/react',
46 warn ERESOLVE     isWorkspace: false,
46 warn ERESOLVE     dependents: [
46 warn ERESOLVE       [Object], [Object],
46 warn ERESOLVE       [Object], [Object],
46 warn ERESOLVE       [Object], [Object],
46 warn ERESOLVE       [Object], [Object],
46 warn ERESOLVE       [Object], [Object],
46 warn ERESOLVE       [Object], [Object],
46 warn ERESOLVE       [Object], [Object],
46 warn ERESOLVE       [Object]
46 warn ERESOLVE     ]
46 warn ERESOLVE   }
46 warn ERESOLVE }
47 warn ERESOLVE overriding peer dependency {
47 warn ERESOLVE   code: 'ERESOLVE',
47 warn ERESOLVE   edge: {
47 warn ERESOLVE     type: 'peer',
47 warn ERESOLVE     name: 'react',
47 warn ERESOLVE     spec: '^19.2.3',
47 warn ERESOLVE     from: {
47 warn ERESOLVE       name: 'react-dom',
47 warn ERESOLVE       version: '19.2.3',
47 warn ERESOLVE       location: 'node_modules/react-dom',
47 warn ERESOLVE       isWorkspace: false,
47 warn ERESOLVE       dependents: [Array]
47 warn ERESOLVE     }
47 warn ERESOLVE   },
47 warn ERESOLVE   dep: {
47 warn ERESOLVE     name: 'react',
47 warn ERESOLVE     version: '19.0.0',
47 warn ERESOLVE     whileInstalling: {
47 warn ERESOLVE       name: 'sistema-erp-pitalito',
47 warn ERESOLVE       version: '0.1.0',
47 warn ERESOLVE       path: '/Users/andres/Documents/Documentos - MacBook Air de Andres/Proyecto sistema contable /Sistema-ERP-Pitalito'
47 warn ERESOLVE     },
47 warn ERESOLVE     location: 'node_modules/react',
47 warn ERESOLVE     isWorkspace: false,
47 warn ERESOLVE     dependents: [ [Object] ]
47 warn ERESOLVE   },
47 warn ERESOLVE   force: false,
47 warn ERESOLVE   isMine: true,
47 warn ERESOLVE   strictPeerDeps: false,
47 warn ERESOLVE   current: {
47 warn ERESOLVE     name: 'react',
47 warn ERESOLVE     version: '19.2.3',
47 warn ERESOLVE     location: 'node_modules/react',
47 warn ERESOLVE     isWorkspace: false,
47 warn ERESOLVE     dependents: [
47 warn ERESOLVE       [Object], [Object],
47 warn ERESOLVE       [Object], [Object],
47 warn ERESOLVE       [Object], [Object],
47 warn ERESOLVE       [Object], [Object],
47 warn ERESOLVE       [Object], [Object],
47 warn ERESOLVE       [Object], [Object],
47 warn ERESOLVE       [Object], [Object],
47 warn ERESOLVE       [Object]
47 warn ERESOLVE     ]
47 warn ERESOLVE   }
47 warn ERESOLVE }
48 silly placeDep ROOT react-dom@19.0.0 REPLACE for: sistema-erp-pitalito@0.1.0 want: 19.0.0
49 silly fetch manifest busboy@1.6.0
50 silly packumentCache full:https://registry.npmjs.org/busboy cache-miss
51 silly fetch manifest @next/env@15.1.0
52 silly packumentCache full:https://registry.npmjs.org/@next%2fenv cache-miss
53 silly fetch manifest @swc/counter@0.1.3
54 silly packumentCache full:https://registry.npmjs.org/@swc%2fcounter cache-miss
55 silly fetch manifest sharp@^0.33.5
56 silly packumentCache full:https://registry.npmjs.org/sharp cache-miss
57 silly fetch manifest @next/swc-darwin-x64@15.1.0
58 silly packumentCache full:https://registry.npmjs.org/@next%2fswc-darwin-x64 cache-miss
59 silly fetch manifest @next/swc-darwin-arm64@15.1.0
60 silly packumentCache full:https://registry.npmjs.org/@next%2fswc-darwin-arm64 cache-miss
61 silly fetch manifest @next/swc-linux-x64-gnu@15.1.0
62 silly packumentCache full:https://registry.npmjs.org/@next%2fswc-linux-x64-gnu cache-miss
63 http fetch GET 200 https://registry.npmjs.org/sharp 126ms (cache revalidated)
64 silly packumentCache full:https://registry.npmjs.org/sharp set size:1034463 disposed:false
65 silly fetch manifest @next/swc-linux-x64-musl@15.1.0
66 silly packumentCache full:https://registry.npmjs.org/@next%2fswc-linux-x64-musl cache-miss
67 http fetch GET 200 https://registry.npmjs.org/busboy 177ms (cache miss)
68 silly packumentCache full:https://registry.npmjs.org/busboy set size:undefined disposed:false
69 silly fetch manifest @next/swc-win32-x64-msvc@15.1.0
70 silly packumentCache full:https://registry.npmjs.org/@next%2fswc-win32-x64-msvc cache-miss
71 http fetch GET 200 https://registry.npmjs.org/@next%2fswc-linux-x64-gnu 259ms (cache revalidated)
72 silly packumentCache full:https://registry.npmjs.org/@next%2fswc-linux-x64-gnu set size:4994638 disposed:false
73 silly fetch manifest @next/swc-linux-arm64-gnu@15.1.0
74 silly packumentCache full:https://registry.npmjs.org/@next%2fswc-linux-arm64-gnu cache-miss
75 http fetch GET 200 https://registry.npmjs.org/@next%2fenv 377ms (cache revalidated)
76 silly packumentCache full:https://registry.npmjs.org/@next%2fenv set size:6884476 disposed:false
77 silly fetch manifest @next/swc-linux-arm64-musl@15.1.0
78 silly packumentCache full:https://registry.npmjs.org/@next%2fswc-linux-arm64-musl cache-miss
79 http fetch GET 200 https://registry.npmjs.org/@next%2fswc-darwin-arm64 520ms (cache revalidated)
80 silly packumentCache full:https://registry.npmjs.org/@next%2fswc-darwin-arm64 set size:4949472 disposed:false
81 silly fetch manifest @next/swc-win32-arm64-msvc@15.1.0
82 silly packumentCache full:https://registry.npmjs.org/@next%2fswc-win32-arm64-msvc cache-miss
83 http fetch GET 200 https://registry.npmjs.org/@next%2fswc-darwin-x64 542ms (cache revalidated)
84 silly packumentCache full:https://registry.npmjs.org/@next%2fswc-darwin-x64 set size:4895594 disposed:false
85 silly fetch manifest scheduler@^0.25.0
86 silly packumentCache full:https://registry.npmjs.org/scheduler cache-miss
87 http fetch GET 200 https://registry.npmjs.org/scheduler 45ms (cache revalidated)
88 silly packumentCache full:https://registry.npmjs.org/scheduler set size:5370998 disposed:false
89 http fetch GET 200 https://registry.npmjs.org/@next%2fswc-win32-x64-msvc 454ms (cache revalidated)
90 silly packumentCache full:https://registry.npmjs.org/@next%2fswc-win32-x64-msvc set size:4968263 disposed:false
91 http fetch GET 200 https://registry.npmjs.org/@next%2fswc-linux-arm64-gnu 421ms (cache revalidated)
92 silly packumentCache full:https://registry.npmjs.org/@next%2fswc-linux-arm64-gnu set size:4796452 disposed:false
93 http fetch GET 200 https://registry.npmjs.org/@swc%2fcounter 742ms (cache miss)
94 silly packumentCache full:https://registry.npmjs.org/@swc%2fcounter set size:undefined disposed:false
95 http fetch GET 200 https://registry.npmjs.org/@next%2fswc-linux-x64-musl 957ms (cache revalidated)
96 silly packumentCache full:https://registry.npmjs.org/@next%2fswc-linux-x64-musl set size:4751158 disposed:false
97 http fetch GET 200 https://registry.npmjs.org/@next%2fswc-win32-arm64-msvc 584ms (cache revalidated)
98 silly packumentCache full:https://registry.npmjs.org/@next%2fswc-win32-arm64-msvc set size:4779755 disposed:false
99 http fetch GET 200 https://registry.npmjs.org/@next%2fswc-linux-arm64-musl 746ms (cache revalidated)
100 silly packumentCache full:https://registry.npmjs.org/@next%2fswc-linux-arm64-musl set size:4813082 disposed:false
101 silly fetch manifest react-use-measure@^2.1.7
102 silly packumentCache full:https://registry.npmjs.org/react-use-measure cache-miss
103 http fetch GET 200 https://registry.npmjs.org/react-use-measure 190ms (cache revalidated)
104 silly packumentCache full:https://registry.npmjs.org/react-use-measure set size:92272 disposed:false
105 silly fetch manifest react@>=19 <19.3
106 silly packumentCache full:https://registry.npmjs.org/react cache-miss
107 http cache https://registry.npmjs.org/react 13ms (cache hit)
108 silly packumentCache full:https://registry.npmjs.org/react set size:6466562 disposed:false
109 silly fetch manifest react-dom@>=19 <19.3
110 silly packumentCache full:https://registry.npmjs.org/react-dom cache-miss
111 http cache https://registry.npmjs.org/react-dom 14ms (cache hit)
112 silly packumentCache full:https://registry.npmjs.org/react-dom set size:8553406 disposed:false
113 silly placeDep ROOT react-use-measure@2.1.7 OK for: @react-three/fiber@9.5.0 want: ^2.1.7
114 silly placeDep ROOT @next/env@15.1.0 OK for: next@15.1.0 want: 15.1.0
115 silly placeDep ROOT @next/swc-darwin-arm64@15.1.0 OK for: next@15.1.0 want: 15.1.0
116 silly placeDep ROOT @next/swc-darwin-x64@15.1.0 OK for: next@15.1.0 want: 15.1.0
117 silly placeDep ROOT @next/swc-linux-arm64-gnu@15.1.0 OK for: next@15.1.0 want: 15.1.0
118 silly placeDep ROOT @next/swc-linux-arm64-musl@15.1.0 OK for: next@15.1.0 want: 15.1.0
119 silly placeDep ROOT @next/swc-linux-x64-gnu@15.1.0 OK for: next@15.1.0 want: 15.1.0
120 silly placeDep ROOT @next/swc-linux-x64-musl@15.1.0 OK for: next@15.1.0 want: 15.1.0
121 silly placeDep ROOT @next/swc-win32-arm64-msvc@15.1.0 OK for: next@15.1.0 want: 15.1.0
122 silly placeDep ROOT @next/swc-win32-x64-msvc@15.1.0 OK for: next@15.1.0 want: 15.1.0
123 silly placeDep ROOT @swc/counter@0.1.3 OK for: next@15.1.0 want: 0.1.3
124 silly placeDep ROOT busboy@1.6.0 OK for: next@15.1.0 want: 1.6.0
125 silly placeDep ROOT sharp@0.33.5 OK for: next@15.1.0 want: ^0.33.5
126 silly fetch manifest streamsearch@^1.1.0
127 silly packumentCache full:https://registry.npmjs.org/streamsearch cache-miss
128 silly fetch manifest color@^4.2.3
129 silly packumentCache full:https://registry.npmjs.org/color cache-miss
130 silly fetch manifest semver@^7.6.3
131 silly packumentCache full:https://registry.npmjs.org/semver cache-miss
132 silly fetch manifest @img/sharp-wasm32@0.33.5
133 silly packumentCache full:https://registry.npmjs.org/@img%2fsharp-wasm32 cache-miss
134 silly fetch manifest @img/sharp-linux-arm@0.33.5
135 silly packumentCache full:https://registry.npmjs.org/@img%2fsharp-linux-arm cache-miss
136 silly fetch manifest @img/sharp-linux-x64@0.33.5
137 silly packumentCache full:https://registry.npmjs.org/@img%2fsharp-linux-x64 cache-miss
138 silly fetch manifest @img/sharp-win32-x64@0.33.5
139 silly packumentCache full:https://registry.npmjs.org/@img%2fsharp-win32-x64 cache-miss
140 http fetch GET 200 https://registry.npmjs.org/semver 45ms (cache revalidated)
141 silly packumentCache full:https://registry.npmjs.org/semver set size:229678 disposed:false
142 silly fetch manifest @img/sharp-darwin-x64@0.33.5
143 silly packumentCache full:https://registry.npmjs.org/@img%2fsharp-darwin-x64 cache-miss
144 http fetch GET 200 https://registry.npmjs.org/streamsearch 47ms (cache miss)
145 silly packumentCache full:https://registry.npmjs.org/streamsearch set size:undefined disposed:false
146 silly fetch manifest @img/sharp-win32-ia32@0.33.5
147 silly packumentCache full:https://registry.npmjs.org/@img%2fsharp-win32-ia32 cache-miss
148 http fetch GET 200 https://registry.npmjs.org/color 47ms (cache miss)
149 silly packumentCache full:https://registry.npmjs.org/color set size:undefined disposed:false
150 silly fetch manifest @img/sharp-linux-arm64@0.33.5
151 silly packumentCache full:https://registry.npmjs.org/@img%2fsharp-linux-arm64 cache-miss
152 http fetch GET 200 https://registry.npmjs.org/@img%2fsharp-win32-x64 50ms (cache revalidated)
153 silly packumentCache full:https://registry.npmjs.org/@img%2fsharp-win32-x64 set size:64388 disposed:false
154 silly fetch manifest @img/sharp-linux-s390x@0.33.5
155 silly packumentCache full:https://registry.npmjs.org/@img%2fsharp-linux-s390x cache-miss
156 http fetch GET 200 https://registry.npmjs.org/@img%2fsharp-linux-arm 54ms (cache revalidated)
157 silly packumentCache full:https://registry.npmjs.org/@img%2fsharp-linux-arm set size:66643 disposed:false
158 silly fetch manifest @img/sharp-darwin-arm64@0.33.5
159 silly packumentCache full:https://registry.npmjs.org/@img%2fsharp-darwin-arm64 cache-miss
160 http fetch GET 200 https://registry.npmjs.org/@img%2fsharp-linux-x64 60ms (cache revalidated)
161 silly packumentCache full:https://registry.npmjs.org/@img%2fsharp-linux-x64 set size:66311 disposed:false
162 silly fetch manifest @img/sharp-linuxmusl-x64@0.33.5
163 silly packumentCache full:https://registry.npmjs.org/@img%2fsharp-linuxmusl-x64 cache-miss
164 http fetch GET 200 https://registry.npmjs.org/@img%2fsharp-win32-ia32 45ms (cache revalidated)
165 silly packumentCache full:https://registry.npmjs.org/@img%2fsharp-win32-ia32 set size:65002 disposed:false
166 silly fetch manifest @img/sharp-linuxmusl-arm64@0.33.5
167 silly packumentCache full:https://registry.npmjs.org/@img%2fsharp-linuxmusl-arm64 cache-miss
168 http fetch GET 200 https://registry.npmjs.org/@img%2fsharp-darwin-x64 52ms (cache revalidated)
169 silly packumentCache full:https://registry.npmjs.org/@img%2fsharp-darwin-x64 set size:65222 disposed:false
170 silly fetch manifest @img/sharp-libvips-linux-arm@1.0.5
171 silly packumentCache full:https://registry.npmjs.org/@img%2fsharp-libvips-linux-arm cache-miss
172 http fetch GET 200 https://registry.npmjs.org/@img%2fsharp-darwin-arm64 48ms (cache revalidated)
173 silly packumentCache full:https://registry.npmjs.org/@img%2fsharp-darwin-arm64 set size:66119 disposed:false
174 silly fetch manifest @img/sharp-libvips-linux-x64@1.0.4
175 silly packumentCache full:https://registry.npmjs.org/@img%2fsharp-libvips-linux-x64 cache-miss
176 http fetch GET 200 https://registry.npmjs.org/@img%2fsharp-linux-arm64 63ms (cache revalidated)
177 silly packumentCache full:https://registry.npmjs.org/@img%2fsharp-linux-arm64 set size:67207 disposed:false
178 silly fetch manifest @img/sharp-libvips-darwin-x64@1.0.4
179 silly packumentCache full:https://registry.npmjs.org/@img%2fsharp-libvips-darwin-x64 cache-miss
180 http fetch GET 200 https://registry.npmjs.org/@img%2fsharp-linuxmusl-x64 58ms (cache revalidated)
181 silly packumentCache full:https://registry.npmjs.org/@img%2fsharp-linuxmusl-x64 set size:67400 disposed:false
182 silly fetch manifest @img/sharp-libvips-linux-arm64@1.0.4
183 silly packumentCache full:https://registry.npmjs.org/@img%2fsharp-libvips-linux-arm64 cache-miss
184 http fetch GET 200 https://registry.npmjs.org/@img%2fsharp-linuxmusl-arm64 54ms (cache revalidated)
185 silly packumentCache full:https://registry.npmjs.org/@img%2fsharp-linuxmusl-arm64 set size:68298 disposed:false
186 silly fetch manifest @img/sharp-libvips-linux-s390x@1.0.4
187 silly packumentCache full:https://registry.npmjs.org/@img%2fsharp-libvips-linux-s390x cache-miss
188 http fetch GET 200 https://registry.npmjs.org/@img%2fsharp-libvips-linux-arm 55ms (cache revalidated)
189 silly packumentCache full:https://registry.npmjs.org/@img%2fsharp-libvips-linux-arm set size:58624 disposed:false
190 silly fetch manifest @img/sharp-libvips-darwin-arm64@1.0.4
191 silly packumentCache full:https://registry.npmjs.org/@img%2fsharp-libvips-darwin-arm64 cache-miss
192 http fetch GET 200 https://registry.npmjs.org/@img%2fsharp-libvips-linux-x64 52ms (cache revalidated)
193 silly packumentCache full:https://registry.npmjs.org/@img%2fsharp-libvips-linux-x64 set size:56678 disposed:false
194 silly fetch manifest @img/sharp-libvips-linuxmusl-x64@1.0.4
195 silly packumentCache full:https://registry.npmjs.org/@img%2fsharp-libvips-linuxmusl-x64 cache-miss
196 http fetch GET 200 https://registry.npmjs.org/@img%2fsharp-libvips-darwin-x64 57ms (cache revalidated)
197 silly packumentCache full:https://registry.npmjs.org/@img%2fsharp-libvips-darwin-x64 set size:51923 disposed:false
198 silly fetch manifest @img/sharp-libvips-linuxmusl-arm64@1.0.4
199 silly packumentCache full:https://registry.npmjs.org/@img%2fsharp-libvips-linuxmusl-arm64 cache-miss
200 http fetch GET 200 https://registry.npmjs.org/@img%2fsharp-libvips-linux-arm64 61ms (cache revalidated)
201 silly packumentCache full:https://registry.npmjs.org/@img%2fsharp-libvips-linux-arm64 set size:55489 disposed:false
202 http fetch GET 200 https://registry.npmjs.org/@img%2fsharp-wasm32 190ms (cache revalidated)
203 silly packumentCache full:https://registry.npmjs.org/@img%2fsharp-wasm32 set size:61337 disposed:false
204 http fetch GET 200 https://registry.npmjs.org/@img%2fsharp-libvips-linuxmusl-x64 45ms (cache revalidated)
205 silly packumentCache full:https://registry.npmjs.org/@img%2fsharp-libvips-linuxmusl-x64 set size:53685 disposed:false
206 http fetch GET 200 https://registry.npmjs.org/@img%2fsharp-libvips-darwin-arm64 53ms (cache revalidated)
207 silly packumentCache full:https://registry.npmjs.org/@img%2fsharp-libvips-darwin-arm64 set size:52515 disposed:false
208 http fetch GET 200 https://registry.npmjs.org/@img%2fsharp-linux-s390x 166ms (cache revalidated)
209 silly packumentCache full:https://registry.npmjs.org/@img%2fsharp-linux-s390x set size:65172 disposed:false
210 http fetch GET 200 https://registry.npmjs.org/@img%2fsharp-libvips-linuxmusl-arm64 52ms (cache revalidated)
211 silly packumentCache full:https://registry.npmjs.org/@img%2fsharp-libvips-linuxmusl-arm64 set size:54314 disposed:false
212 http fetch GET 200 https://registry.npmjs.org/@img%2fsharp-libvips-linux-s390x 176ms (cache revalidated)
213 silly packumentCache full:https://registry.npmjs.org/@img%2fsharp-libvips-linux-s390x set size:51696 disposed:false
214 silly placeDep ROOT streamsearch@1.1.0 OK for: busboy@1.6.0 want: ^1.1.0
215 silly placeDep node_modules/react-dom scheduler@0.25.0 OK for: react-dom@19.0.0 want: ^0.25.0
216 silly placeDep ROOT @img/sharp-darwin-arm64@0.33.5 OK for: sharp@0.33.5 want: 0.33.5
217 silly placeDep ROOT @img/sharp-darwin-x64@0.33.5 OK for: sharp@0.33.5 want: 0.33.5
218 silly placeDep ROOT @img/sharp-libvips-darwin-arm64@1.0.4 OK for: sharp@0.33.5 want: 1.0.4
219 silly placeDep ROOT @img/sharp-libvips-darwin-x64@1.0.4 OK for: sharp@0.33.5 want: 1.0.4
220 silly placeDep ROOT @img/sharp-libvips-linux-arm@1.0.5 OK for: sharp@0.33.5 want: 1.0.5
221 silly placeDep ROOT @img/sharp-libvips-linux-arm64@1.0.4 OK for: sharp@0.33.5 want: 1.0.4
222 silly placeDep ROOT @img/sharp-libvips-linux-s390x@1.0.4 OK for: sharp@0.33.5 want: 1.0.4
223 silly placeDep ROOT @img/sharp-libvips-linux-x64@1.0.4 OK for: sharp@0.33.5 want: 1.0.4
224 silly placeDep ROOT @img/sharp-libvips-linuxmusl-arm64@1.0.4 OK for: sharp@0.33.5 want: 1.0.4
225 silly placeDep ROOT @img/sharp-libvips-linuxmusl-x64@1.0.4 OK for: sharp@0.33.5 want: 1.0.4
226 silly placeDep ROOT @img/sharp-linux-arm@0.33.5 OK for: sharp@0.33.5 want: 0.33.5
227 silly placeDep ROOT @img/sharp-linux-arm64@0.33.5 OK for: sharp@0.33.5 want: 0.33.5
228 silly placeDep ROOT @img/sharp-linux-s390x@0.33.5 OK for: sharp@0.33.5 want: 0.33.5
229 silly placeDep ROOT @img/sharp-linux-x64@0.33.5 OK for: sharp@0.33.5 want: 0.33.5
230 silly placeDep ROOT @img/sharp-linuxmusl-arm64@0.33.5 OK for: sharp@0.33.5 want: 0.33.5
231 silly placeDep ROOT @img/sharp-linuxmusl-x64@0.33.5 OK for: sharp@0.33.5 want: 0.33.5
232 silly placeDep ROOT @img/sharp-wasm32@0.33.5 OK for: sharp@0.33.5 want: 0.33.5
233 silly placeDep ROOT @img/sharp-win32-ia32@0.33.5 OK for: sharp@0.33.5 want: 0.33.5
234 silly placeDep ROOT @img/sharp-win32-x64@0.33.5 OK for: sharp@0.33.5 want: 0.33.5
235 silly placeDep ROOT color@4.2.3 OK for: sharp@0.33.5 want: ^4.2.3
236 silly placeDep node_modules/sharp semver@7.7.4 OK for: sharp@0.33.5 want: ^7.6.3
237 silly fetch manifest color-string@^1.9.0
238 silly packumentCache full:https://registry.npmjs.org/color-string cache-miss
239 http fetch GET 200 https://registry.npmjs.org/color-string 50ms (cache miss)
240 silly packumentCache full:https://registry.npmjs.org/color-string set size:undefined disposed:false
241 silly placeDep ROOT color-string@1.9.1 OK for: color@4.2.3 want: ^1.9.0
242 silly fetch manifest simple-swizzle@^0.2.2
243 silly packumentCache full:https://registry.npmjs.org/simple-swizzle cache-miss
244 http fetch GET 200 https://registry.npmjs.org/simple-swizzle 43ms (cache miss)
245 silly packumentCache full:https://registry.npmjs.org/simple-swizzle set size:undefined disposed:false
246 silly placeDep ROOT simple-swizzle@0.2.4 OK for: color-string@1.9.1 want: ^0.2.2
247 silly fetch manifest is-arrayish@^0.3.1
248 silly packumentCache full:https://registry.npmjs.org/is-arrayish cache-miss
249 http fetch GET 200 https://registry.npmjs.org/is-arrayish 39ms (cache miss)
250 silly packumentCache full:https://registry.npmjs.org/is-arrayish set size:undefined disposed:false
251 silly placeDep ROOT is-arrayish@0.3.4 OK for: simple-swizzle@0.2.4 want: ^0.3.1
252 silly reify mark retired [
252 silly reify   '/Users/andres/Documents/Documentos - MacBook Air de Andres/Proyecto sistema contable /Sistema-ERP-Pitalito/node_modules/@img/colour'
252 silly reify ]
253 silly reify mark retired [
253 silly reify   '/Users/andres/Documents/Documentos - MacBook Air de Andres/Proyecto sistema contable /Sistema-ERP-Pitalito/node_modules/@img/sharp-darwin-arm64'
253 silly reify ]
254 silly reify mark retired [
254 silly reify   '/Users/andres/Documents/Documentos - MacBook Air de Andres/Proyecto sistema contable /Sistema-ERP-Pitalito/node_modules/@img/sharp-libvips-darwin-arm64'
254 silly reify ]
255 silly reify mark retired [
255 silly reify   '/Users/andres/Documents/Documentos - MacBook Air de Andres/Proyecto sistema contable /Sistema-ERP-Pitalito/node_modules/@next/env'
255 silly reify ]
256 silly reify mark retired [
256 silly reify   '/Users/andres/Documents/Documentos - MacBook Air de Andres/Proyecto sistema contable /Sistema-ERP-Pitalito/node_modules/@next/swc-darwin-arm64'
256 silly reify ]
257 silly reify mark retired [
257 silly reify   '/Users/andres/Documents/Documentos - MacBook Air de Andres/Proyecto sistema contable /Sistema-ERP-Pitalito/node_modules/next',
257 silly reify   '/Users/andres/Documents/Documentos - MacBook Air de Andres/Proyecto sistema contable /Sistema-ERP-Pitalito/node_modules/.bin/next'
257 silly reify ]
258 silly reify mark retired [
258 silly reify   '/Users/andres/Documents/Documentos - MacBook Air de Andres/Proyecto sistema contable /Sistema-ERP-Pitalito/node_modules/react'
258 silly reify ]
259 silly reify mark retired [
259 silly reify   '/Users/andres/Documents/Documentos - MacBook Air de Andres/Proyecto sistema contable /Sistema-ERP-Pitalito/node_modules/react-dom'
259 silly reify ]
260 silly reify mark retired [
260 silly reify   '/Users/andres/Documents/Documentos - MacBook Air de Andres/Proyecto sistema contable /Sistema-ERP-Pitalito/node_modules/sharp'
260 silly reify ]
261 silly reify moves {
261 silly reify   '/Users/andres/Documents/Documentos - MacBook Air de Andres/Proyecto sistema contable /Sistema-ERP-Pitalito/node_modules/@img/colour': '/Users/andres/Documents/Documentos - MacBook Air de Andres/Proyecto sistema contable /Sistema-ERP-Pitalito/node_modules/@img/.colour-b4QWcGvO',
261 silly reify   '/Users/andres/Documents/Documentos - MacBook Air de Andres/Proyecto sistema contable /Sistema-ERP-Pitalito/node_modules/@img/sharp-darwin-arm64': '/Users/andres/Documents/Documentos - MacBook Air de Andres/Proyecto sistema contable /Sistema-ERP-Pitalito/node_modules/@img/.sharp-darwin-arm64-xtgP2cCN',
261 silly reify   '/Users/andres/Documents/Documentos - MacBook Air de Andres/Proyecto sistema contable /Sistema-ERP-Pitalito/node_modules/@img/sharp-libvips-darwin-arm64': '/Users/andres/Documents/Documentos - MacBook Air de Andres/Proyecto sistema contable /Sistema-ERP-Pitalito/node_modules/@img/.sharp-libvips-darwin-arm64-z3im2BIP',
261 silly reify   '/Users/andres/Documents/Documentos - MacBook Air de Andres/Proyecto sistema contable /Sistema-ERP-Pitalito/node_modules/@next/env': '/Users/andres/Documents/Documentos - MacBook Air de Andres/Proyecto sistema contable /Sistema-ERP-Pitalito/node_modules/@next/.env-xsLZhoIY',
261 silly reify   '/Users/andres/Documents/Documentos - MacBook Air de Andres/Proyecto sistema contable /Sistema-ERP-Pitalito/node_modules/@next/swc-darwin-arm64': '/Users/andres/Documents/Documentos - MacBook Air de Andres/Proyecto sistema contable /Sistema-ERP-Pitalito/node_modules/@next/.swc-darwin-arm64-pUNVOLMm',
261 silly reify   '/Users/andres/Documents/Documentos - MacBook Air de Andres/Proyecto sistema contable /Sistema-ERP-Pitalito/node_modules/next': '/Users/andres/Documents/Documentos - MacBook Air de Andres/Proyecto sistema contable /Sistema-ERP-Pitalito/node_modules/.next-GeHmFHz5',
261 silly reify   '/Users/andres/Documents/Documentos - MacBook Air de Andres/Proyecto sistema contable /Sistema-ERP-Pitalito/node_modules/.bin/next': '/Users/andres/Documents/Documentos - MacBook Air de Andres/Proyecto sistema contable /Sistema-ERP-Pitalito/node_modules/.bin/.next-QHQpUR88',
261 silly reify   '/Users/andres/Documents/Documentos - MacBook Air de Andres/Proyecto sistema contable /Sistema-ERP-Pitalito/node_modules/react': '/Users/andres/Documents/Documentos - MacBook Air de Andres/Proyecto sistema contable /Sistema-ERP-Pitalito/node_modules/.react-1A6q6u1f',
261 silly reify   '/Users/andres/Documents/Documentos - MacBook Air de Andres/Proyecto sistema contable /Sistema-ERP-Pitalito/node_modules/react-dom': '/Users/andres/Documents/Documentos - MacBook Air de Andres/Proyecto sistema contable /Sistema-ERP-Pitalito/node_modules/.react-dom-0QqwyKVU',
261 silly reify   '/Users/andres/Documents/Documentos - MacBook Air de Andres/Proyecto sistema contable /Sistema-ERP-Pitalito/node_modules/sharp': '/Users/andres/Documents/Documentos - MacBook Air de Andres/Proyecto sistema contable /Sistema-ERP-Pitalito/node_modules/.sharp-ZlvsqJvO'
261 silly reify }
262 silly audit bulk request {
262 silly audit   '@alloc/quick-lru': [ '5.2.0' ],
262 silly audit   '@babel/code-frame': [ '7.29.0' ],
262 silly audit   '@babel/compat-data': [ '7.29.0' ],
262 silly audit   '@babel/core': [ '7.29.0' ],
262 silly audit   '@babel/generator': [ '7.29.1' ],
262 silly audit   '@babel/helper-compilation-targets': [ '7.28.6' ],
262 silly audit   '@babel/helper-globals': [ '7.28.0' ],
262 silly audit   '@babel/helper-module-imports': [ '7.28.6' ],
262 silly audit   '@babel/helper-module-transforms': [ '7.28.6' ],
262 silly audit   '@babel/helper-string-parser': [ '7.27.1' ],
262 silly audit   '@babel/helper-validator-identifier': [ '7.28.5' ],
262 silly audit   '@babel/helper-validator-option': [ '7.27.1' ],
262 silly audit   '@babel/helpers': [ '7.28.6' ],
262 silly audit   '@babel/parser': [ '7.29.0' ],
262 silly audit   '@babel/runtime': [ '7.28.6' ],
262 silly audit   '@babel/template': [ '7.28.6' ],
262 silly audit   '@babel/traverse': [ '7.29.0' ],
262 silly audit   '@babel/types': [ '7.29.0' ],
262 silly audit   '@dimforge/rapier3d-compat': [ '0.12.0' ],
262 silly audit   '@emnapi/core': [ '1.8.1' ],
262 silly audit   '@emnapi/runtime': [ '1.8.1' ],
262 silly audit   '@emnapi/wasi-threads': [ '1.1.0' ],
262 silly audit   '@eslint-community/eslint-utils': [ '4.9.1' ],
262 silly audit   'eslint-visitor-keys': [ '3.4.3', '4.2.1' ],
262 silly audit   '@eslint-community/regexpp': [ '4.12.2' ],
262 silly audit   '@eslint/config-array': [ '0.21.1' ],
262 silly audit   '@eslint/config-helpers': [ '0.4.2' ],
262 silly audit   '@eslint/core': [ '0.17.0' ],
262 silly audit   '@eslint/eslintrc': [ '3.3.3' ],
262 silly audit   '@eslint/js': [ '9.39.2' ],
262 silly audit   '@eslint/object-schema': [ '2.1.7' ],
262 silly audit   '@eslint/plugin-kit': [ '0.4.1' ],
262 silly audit   '@humanfs/core': [ '0.19.1' ],
262 silly audit   '@humanfs/node': [ '0.16.7' ],
262 silly audit   '@humanwhocodes/module-importer': [ '1.0.1' ],
262 silly audit   '@humanwhocodes/retry': [ '0.4.3' ],
262 silly audit   '@jridgewell/gen-mapping': [ '0.3.13' ],
262 silly audit   '@jridgewell/remapping': [ '2.3.5' ],
262 silly audit   '@jridgewell/resolve-uri': [ '3.1.2' ],
262 silly audit   '@jridgewell/sourcemap-codec': [ '1.5.5' ],
262 silly audit   '@jridgewell/trace-mapping': [ '0.3.31' ],
262 silly audit   '@mediapipe/tasks-vision': [ '0.10.17' ],
262 silly audit   '@monogrid/gainmap-js': [ '3.4.0' ],
262 silly audit   '@napi-rs/wasm-runtime': [ '0.2.12' ],
262 silly audit   '@next/eslint-plugin-next': [ '16.1.6' ],
262 silly audit   '@nodelib/fs.scandir': [ '2.1.5' ],
262 silly audit   '@nodelib/fs.stat': [ '2.0.5' ],
262 silly audit   '@nodelib/fs.walk': [ '1.2.8' ],
262 silly audit   '@nolyfill/is-core-module': [ '1.0.39' ],
262 silly audit   '@prisma/client': [ '6.19.2' ],
262 silly audit   '@prisma/config': [ '6.19.2' ],
262 silly audit   '@prisma/debug': [ '6.19.2' ],
262 silly audit   '@prisma/engines': [ '6.19.2' ],
262 silly audit   '@prisma/engines-version': [ '7.1.1-3.c2990dca591cba766e3b7ef5d9e8a84796e47ab7' ],
262 silly audit   '@prisma/fetch-engine': [ '6.19.2' ],
262 silly audit   '@prisma/get-platform': [ '6.19.2' ],
262 silly audit   '@react-three/drei': [ '10.7.7' ],
262 silly audit   '@react-three/fiber': [ '9.5.0' ],
262 silly audit   '@rtsao/scc': [ '1.1.0' ],
262 silly audit   '@standard-schema/spec': [ '1.1.0' ],
262 silly audit   '@swc/helpers': [ '0.5.15' ],
262 silly audit   '@tailwindcss/node': [ '4.1.18' ],
262 silly audit   '@tailwindcss/oxide': [ '4.1.18' ],
262 silly audit   '@tailwindcss/oxide-android-arm64': [ '4.1.18' ],
262 silly audit   '@tailwindcss/oxide-darwin-arm64': [ '4.1.18' ],
262 silly audit   '@tailwindcss/oxide-darwin-x64': [ '4.1.18' ],
262 silly audit   '@tailwindcss/oxide-freebsd-x64': [ '4.1.18' ],
262 silly audit   '@tailwindcss/oxide-linux-arm-gnueabihf': [ '4.1.18' ],
262 silly audit   '@tailwindcss/oxide-linux-arm64-gnu': [ '4.1.18' ],
262 silly audit   '@tailwindcss/oxide-linux-arm64-musl': [ '4.1.18' ],
262 silly audit   '@tailwindcss/oxide-linux-x64-gnu': [ '4.1.18' ],
262 silly audit   '@tailwindcss/oxide-linux-x64-musl': [ '4.1.18' ],
262 silly audit   '@tailwindcss/oxide-wasm32-wasi': [ '4.1.18' ],
262 silly audit   '@tailwindcss/oxide-win32-arm64-msvc': [ '4.1.18' ],
262 silly audit   '@tailwindcss/oxide-win32-x64-msvc': [ '4.1.18' ],
262 silly audit   '@tailwindcss/postcss': [ '4.1.18' ],
262 silly audit   '@tweenjs/tween.js': [ '23.1.3' ],
262 silly audit   '@tybys/wasm-util': [ '0.10.1' ],
262 silly audit   '@types/draco3d': [ '1.4.10' ],
262 silly audit   '@types/estree': [ '1.0.8' ],
262 silly audit   '@types/json-schema': [ '7.0.15' ],
262 silly audit   '@types/json5': [ '0.0.29' ],
262 silly audit   '@types/node': [ '20.19.32' ],
262 silly audit   '@types/offscreencanvas': [ '2019.7.3' ],
262 silly audit   '@types/react': [ '19.2.13' ],
262 silly audit   '@types/react-dom': [ '19.2.3' ],
262 silly audit   '@types/react-reconciler': [ '0.28.9' ],
262 silly audit   '@types/stats.js': [ '0.17.4' ],
262 silly audit   '@types/three': [ '0.182.0' ],
262 silly audit   '@types/webxr': [ '0.5.24' ],
262 silly audit   '@typescript-eslint/eslint-plugin': [ '8.54.0' ],
262 silly audit   ignore: [ '7.0.5', '5.3.2' ],
262 silly audit   '@typescript-eslint/parser': [ '8.54.0' ],
262 silly audit   '@typescript-eslint/project-service': [ '8.54.0' ],
262 silly audit   '@typescript-eslint/scope-manager': [ '8.54.0' ],
262 silly audit   '@typescript-eslint/tsconfig-utils': [ '8.54.0' ],
262 silly audit   '@typescript-eslint/type-utils': [ '8.54.0' ],
262 silly audit   '@typescript-eslint/types': [ '8.54.0' ],
262 silly audit   '@typescript-eslint/typescript-estree': [ '8.54.0' ],
262 silly audit   'brace-expansion': [ '2.0.2', '1.1.12' ],
262 silly audit   minimatch: [ '9.0.5', '3.1.2' ],
262 silly audit   semver: [ '7.7.4', '6.3.1' ],
262 silly audit   '@typescript-eslint/utils': [ '8.54.0' ],
262 silly audit   '@typescript-eslint/visitor-keys': [ '8.54.0' ],
262 silly audit   '@unrs/resolver-binding-android-arm-eabi': [ '1.11.1' ],
262 silly audit   '@unrs/resolver-binding-android-arm64': [ '1.11.1' ],
262 silly audit   '@unrs/resolver-binding-darwin-arm64': [ '1.11.1' ],
262 silly audit   '@unrs/resolver-binding-darwin-x64': [ '1.11.1' ],
262 silly audit   '@unrs/resolver-binding-freebsd-x64': [ '1.11.1' ],
262 silly audit   '@unrs/resolver-binding-linux-arm-gnueabihf': [ '1.11.1' ],
262 silly audit   '@unrs/resolver-binding-linux-arm-musleabihf': [ '1.11.1' ],
262 silly audit   '@unrs/resolver-binding-linux-arm64-gnu': [ '1.11.1' ],
262 silly audit   '@unrs/resolver-binding-linux-arm64-musl': [ '1.11.1' ],
262 silly audit   '@unrs/resolver-binding-linux-ppc64-gnu': [ '1.11.1' ],
262 silly audit   '@unrs/resolver-binding-linux-riscv64-gnu': [ '1.11.1' ],
262 silly audit   '@unrs/resolver-binding-linux-riscv64-musl': [ '1.11.1' ],
262 silly audit   '@unrs/resolver-binding-linux-s390x-gnu': [ '1.11.1' ],
262 silly audit   '@unrs/resolver-binding-linux-x64-gnu': [ '1.11.1' ],
262 silly audit   '@unrs/resolver-binding-linux-x64-musl': [ '1.11.1' ],
262 silly audit   '@unrs/resolver-binding-wasm32-wasi': [ '1.11.1' ],
262 silly audit   '@unrs/resolver-binding-win32-arm64-msvc': [ '1.11.1' ],
262 silly audit   '@unrs/resolver-binding-win32-ia32-msvc': [ '1.11.1' ],
262 silly audit   '@unrs/resolver-binding-win32-x64-msvc': [ '1.11.1' ],
262 silly audit   '@use-gesture/core': [ '10.3.1' ],
262 silly audit   '@use-gesture/react': [ '10.3.1' ],
262 silly audit   '@webgpu/types': [ '0.1.69' ],
262 silly audit   acorn: [ '8.15.0' ],
262 silly audit   'acorn-jsx': [ '5.3.2' ],
262 silly audit   ajv: [ '6.12.6' ],
262 silly audit   'ansi-styles': [ '4.3.0' ],
262 silly audit   argparse: [ '2.0.1' ],
262 silly audit   'aria-query': [ '5.3.2' ],
262 silly audit   'array-buffer-byte-length': [ '1.0.2' ],
262 silly audit   'array-includes': [ '3.1.9' ],
262 silly audit   'array.prototype.findlast': [ '1.2.5' ],
262 silly audit   'array.prototype.findlastindex': [ '1.2.6' ],
262 silly audit   'array.prototype.flat': [ '1.3.3' ],
262 silly audit   'array.prototype.flatmap': [ '1.3.3' ],
262 silly audit   'array.prototype.tosorted': [ '1.1.4' ],
262 silly audit   'arraybuffer.prototype.slice': [ '1.0.4' ],
262 silly audit   'ast-types-flow': [ '0.0.8' ],
262 silly audit   'async-function': [ '1.0.0' ],
262 silly audit   'available-typed-arrays': [ '1.0.7' ],
262 silly audit   'axe-core': [ '4.11.1' ],
262 silly audit   'axobject-query': [ '4.1.0' ],
262 silly audit   'balanced-match': [ '1.0.2' ],
262 silly audit   'base64-js': [ '1.5.1' ],
262 silly audit   'baseline-browser-mapping': [ '2.9.19' ],
262 silly audit   'bidi-js': [ '1.0.3' ],
262 silly audit   braces: [ '3.0.3' ],
262 silly audit   browserslist: [ '4.28.1' ],
262 silly audit   buffer: [ '6.0.3' ],
262 silly audit   c12: [ '3.1.0' ],
262 silly audit   'call-bind': [ '1.0.8' ],
262 silly audit   'call-bind-apply-helpers': [ '1.0.2' ],
262 silly audit   'call-bound': [ '1.0.4' ],
262 silly audit   callsites: [ '3.1.0' ],
262 silly audit   'camera-controls': [ '3.1.2' ],
262 silly audit   'caniuse-lite': [ '1.0.30001769' ],
262 silly audit   chalk: [ '4.1.2' ],
262 silly audit   chokidar: [ '4.0.3' ],
262 silly audit   citty: [ '0.1.6', '0.2.0' ],
262 silly audit   'client-only': [ '0.0.1' ],
262 silly audit   clsx: [ '2.1.1' ],
262 silly audit   'color-convert': [ '2.0.1' ],
262 silly audit   'color-name': [ '1.1.4' ],
262 silly audit   'concat-map': [ '0.0.1' ],
262 silly audit   confbox: [ '0.2.4' ],
262 silly audit   consola: [ '3.4.2' ],
262 silly audit   'convert-source-map': [ '2.0.0' ],
262 silly audit   'cross-env': [ '7.0.3' ],
262 silly audit   'cross-spawn': [ '7.0.6' ],
262 silly audit   csstype: [ '3.2.3' ],
262 silly audit   'damerau-levenshtein': [ '1.0.8' ],
262 silly audit   'data-view-buffer': [ '1.0.2' ],
262 silly audit   'data-view-byte-length': [ '1.0.2' ],
262 silly audit   'data-view-byte-offset': [ '1.0.1' ],
262 silly audit   debug: [ '4.4.3', '3.2.7' ],
262 silly audit   'deep-is': [ '0.1.4' ],
262 silly audit   'deepmerge-ts': [ '7.1.5' ],
262 silly audit   'define-data-property': [ '1.1.4' ],
262 silly audit   'define-properties': [ '1.2.1' ],
262 silly audit   defu: [ '6.1.4' ],
262 silly audit   destr: [ '2.0.5' ],
262 silly audit   'detect-gpu': [ '5.0.70' ],
262 silly audit   'detect-libc': [ '2.1.2' ],
262 silly audit   doctrine: [ '2.1.0' ],
262 silly audit   dotenv: [ '16.6.1' ],
262 silly audit   draco3d: [ '1.5.7' ],
262 silly audit   'dunder-proto': [ '1.0.1' ],
262 silly audit   effect: [ '3.18.4' ],
262 silly audit   'electron-to-chromium': [ '1.5.286' ],
262 silly audit   'emoji-regex': [ '9.2.2' ],
262 silly audit   empathic: [ '2.0.0' ],
262 silly audit   'enhanced-resolve': [ '5.19.0' ],
262 silly audit   'es-abstract': [ '1.24.1' ],
262 silly audit   'es-define-property': [ '1.0.1' ],
262 silly audit   'es-errors': [ '1.3.0' ],
262 silly audit   'es-iterator-helpers': [ '1.2.2' ],
262 silly audit   'es-object-atoms': [ '1.1.1' ],
262 silly audit   'es-set-tostringtag': [ '2.1.0' ],
262 silly audit   'es-shim-unscopables': [ '1.1.0' ],
262 silly audit   'es-to-primitive': [ '1.3.0' ],
262 silly audit   escalade: [ '3.2.0' ],
262 silly audit   'escape-string-regexp': [ '4.0.0' ],
262 silly audit   eslint: [ '9.39.2' ],
262 silly audit   'eslint-config-next': [ '16.1.6' ],
262 silly audit   globals: [ '16.4.0', '14.0.0' ],
262 silly audit   'eslint-import-resolver-node': [ '0.3.9' ],
262 silly audit   'eslint-import-resolver-typescript': [ '3.10.1' ],
262 silly audit   'eslint-module-utils': [ '2.12.1' ],
262 silly audit   'eslint-plugin-import': [ '2.32.0' ],
262 silly audit   'eslint-plugin-jsx-a11y': [ '6.10.2' ],
262 silly audit   'eslint-plugin-react': [ '7.37.5' ],
262 silly audit   'eslint-plugin-react-hooks': [ '7.0.1' ],
262 silly audit   resolve: [ '2.0.0-next.5', '1.22.11' ],
262 silly audit   'eslint-scope': [ '8.4.0' ],
262 silly audit   espree: [ '10.4.0' ],
262 silly audit   esquery: [ '1.7.0' ],
262 silly audit   esrecurse: [ '4.3.0' ],
262 silly audit   estraverse: [ '5.3.0' ],
262 silly audit   esutils: [ '2.0.3' ],
262 silly audit   exsolve: [ '1.0.8' ],
262 silly audit   'fast-check': [ '3.23.2' ],
262 silly audit   'fast-deep-equal': [ '3.1.3' ],
262 silly audit   'fast-glob': [ '3.3.1' ],
262 silly audit   'glob-parent': [ '5.1.2', '6.0.2' ],
262 silly audit   'fast-json-stable-stringify': [ '2.1.0' ],
262 silly audit   'fast-levenshtein': [ '2.0.6' ],
262 silly audit   fastq: [ '1.20.1' ],
262 silly audit   fflate: [ '0.8.2', '0.6.10' ],
262 silly audit   'file-entry-cache': [ '8.0.0' ],
262 silly audit   'fill-range': [ '7.1.1' ],
262 silly audit   'find-up': [ '5.0.0' ],
262 silly audit   'flat-cache': [ '4.0.1' ],
262 silly audit   flatted: [ '3.3.3' ],
262 silly audit   'for-each': [ '0.3.5' ],
262 silly audit   'framer-motion': [ '12.33.0' ],
262 silly audit   'function-bind': [ '1.1.2' ],
262 silly audit   'function.prototype.name': [ '1.1.8' ],
262 silly audit   'functions-have-names': [ '1.2.3' ],
262 silly audit   'generator-function': [ '2.0.1' ],
262 silly audit   gensync: [ '1.0.0-beta.2' ],
262 silly audit   'get-intrinsic': [ '1.3.0' ],
262 silly audit   'get-proto': [ '1.0.1' ],
262 silly audit   'get-symbol-description': [ '1.1.0' ],
262 silly audit   'get-tsconfig': [ '4.13.6' ],
262 silly audit   giget: [ '2.0.0' ],
262 silly audit   globalthis: [ '1.0.4' ],
262 silly audit   'glsl-noise': [ '0.0.0' ],
262 silly audit   gopd: [ '1.2.0' ],
262 silly audit   'graceful-fs': [ '4.2.11' ],
262 silly audit   'has-bigints': [ '1.1.0' ],
262 silly audit   'has-flag': [ '4.0.0' ],
262 silly audit   'has-property-descriptors': [ '1.0.2' ],
262 silly audit   'has-proto': [ '1.2.0' ],
262 silly audit   'has-symbols': [ '1.1.0' ],
262 silly audit   'has-tostringtag': [ '1.0.2' ],
262 silly audit   hasown: [ '2.0.2' ],
262 silly audit   'hermes-estree': [ '0.25.1' ],
262 silly audit   'hermes-parser': [ '0.25.1' ],
262 silly audit   'hls.js': [ '1.6.15' ],
262 silly audit   ieee754: [ '1.2.1' ],
262 silly audit   immediate: [ '3.0.6' ],
262 silly audit   'import-fresh': [ '3.3.1' ],
262 silly audit   imurmurhash: [ '0.1.4' ],
262 silly audit   'internal-slot': [ '1.1.0' ],
262 silly audit   'is-array-buffer': [ '3.0.5' ],
262 silly audit   'is-async-function': [ '2.1.1' ],
262 silly audit   'is-bigint': [ '1.1.0' ],
262 silly audit   'is-boolean-object': [ '1.2.2' ],
262 silly audit   'is-bun-module': [ '2.0.0' ],
262 silly audit   'is-callable': [ '1.2.7' ],
262 silly audit   'is-core-module': [ '2.16.1' ],
262 silly audit   'is-data-view': [ '1.0.2' ],
262 silly audit   'is-date-object': [ '1.1.0' ],
262 silly audit   'is-extglob': [ '2.1.1' ],
262 silly audit   'is-finalizationregistry': [ '1.1.1' ],
262 silly audit   'is-generator-function': [ '1.1.2' ],
262 silly audit   'is-glob': [ '4.0.3' ],
262 silly audit   'is-map': [ '2.0.3' ],
262 silly audit   'is-negative-zero': [ '2.0.3' ],
262 silly audit   'is-number': [ '7.0.0' ],
262 silly audit   'is-number-object': [ '1.1.1' ],
262 silly audit   'is-promise': [ '2.2.2' ],
262 silly audit   'is-regex': [ '1.2.1' ],
262 silly audit   'is-set': [ '2.0.3' ],
262 silly audit   'is-shared-array-buffer': [ '1.0.4' ],
262 silly audit   'is-string': [ '1.1.1' ],
262 silly audit   'is-symbol': [ '1.1.1' ],
262 silly audit   'is-typed-array': [ '1.1.15' ],
262 silly audit   'is-weakmap': [ '2.0.2' ],
262 silly audit   'is-weakref': [ '1.1.1' ],
262 silly audit   'is-weakset': [ '2.0.4' ],
262 silly audit   isarray: [ '2.0.5' ],
262 silly audit   isexe: [ '2.0.0' ],
262 silly audit   'iterator.prototype': [ '1.1.5' ],
262 silly audit   'its-fine': [ '2.0.0' ],
262 silly audit   jiti: [ '2.6.1' ],
262 silly audit   'js-tokens': [ '4.0.0' ],
262 silly audit   'js-yaml': [ '4.1.1' ],
262 silly audit   jsesc: [ '3.1.0' ],
262 silly audit   'json-buffer': [ '3.0.1' ],
262 silly audit   'json-schema-traverse': [ '0.4.1' ],
262 silly audit   'json-stable-stringify-without-jsonify': [ '1.0.1' ],
262 silly audit   json5: [ '2.2.3', '1.0.2' ],
262 silly audit   'jsx-ast-utils': [ '3.3.5' ],
262 silly audit   keyv: [ '4.5.4' ],
262 silly audit   'language-subtag-registry': [ '0.3.23' ],
262 silly audit   'language-tags': [ '1.0.9' ],
262 silly audit   levn: [ '0.4.1' ],
262 silly audit   lie: [ '3.3.0' ],
262 silly audit   lightningcss: [ '1.30.2' ],
262 silly audit   'lightningcss-android-arm64': [ '1.30.2' ],
262 silly audit   'lightningcss-darwin-arm64': [ '1.30.2' ],
262 silly audit   'lightningcss-darwin-x64': [ '1.30.2' ],
262 silly audit   'lightningcss-freebsd-x64': [ '1.30.2' ],
262 silly audit   'lightningcss-linux-arm-gnueabihf': [ '1.30.2' ],
262 silly audit   'lightningcss-linux-arm64-gnu': [ '1.30.2' ],
262 silly audit   'lightningcss-linux-arm64-musl': [ '1.30.2' ],
262 silly audit   'lightningcss-linux-x64-gnu': [ '1.30.2' ],
262 silly audit   'lightningcss-linux-x64-musl': [ '1.30.2' ],
262 silly audit   'lightningcss-win32-arm64-msvc': [ '1.30.2' ],
262 silly audit   'lightningcss-win32-x64-msvc': [ '1.30.2' ],
262 silly audit   'locate-path': [ '6.0.0' ],
262 silly audit   'lodash.merge': [ '4.6.2' ],
262 silly audit   'loose-envify': [ '1.4.0' ],
262 silly audit   'lru-cache': [ '5.1.1' ],
262 silly audit   'lucide-react': [ '0.563.0' ],
262 silly audit   maath: [ '0.10.8' ],
262 silly audit   'magic-string': [ '0.30.21' ],
262 silly audit   'math-intrinsics': [ '1.1.0' ],
262 silly audit   merge2: [ '1.4.1' ],
262 silly audit   meshline: [ '3.3.1' ],
262 silly audit   meshoptimizer: [ '0.22.0' ],
262 silly audit   micromatch: [ '4.0.8' ],
262 silly audit   'mini-svg-data-uri': [ '1.4.4' ],
262 silly audit   minimist: [ '1.2.8' ],
262 silly audit   'motion-dom': [ '12.33.0' ],
262 silly audit   'motion-utils': [ '12.29.2' ],
262 silly audit   ms: [ '2.1.3' ],
262 silly audit   nanoid: [ '3.3.11' ],
262 silly audit   'napi-postinstall': [ '0.3.4' ],
262 silly audit   'natural-compare': [ '1.4.0' ],
262 silly audit   postcss: [ '8.5.6', '8.4.31' ],
262 silly audit   'node-fetch-native': [ '1.6.7' ],
262 silly audit   'node-releases': [ '2.0.27' ],
262 silly audit   nypm: [ '0.6.5' ],
262 silly audit   'object-assign': [ '4.1.1' ],
262 silly audit   'object-inspect': [ '1.13.4' ],
262 silly audit   'object-keys': [ '1.1.1' ],
262 silly audit   'object.assign': [ '4.1.7' ],
262 silly audit   'object.entries': [ '1.1.9' ],
262 silly audit   'object.fromentries': [ '2.0.8' ],
262 silly audit   'object.groupby': [ '1.0.3' ],
262 silly audit   'object.values': [ '1.2.1' ],
262 silly audit   ohash: [ '2.0.11' ],
262 silly audit   optionator: [ '0.9.4' ],
262 silly audit   'own-keys': [ '1.0.1' ],
262 silly audit   'p-limit': [ '3.1.0' ],
262 silly audit   'p-locate': [ '5.0.0' ],
262 silly audit   'parent-module': [ '1.0.1' ],
262 silly audit   'path-exists': [ '4.0.0' ],
262 silly audit   'path-key': [ '3.1.1' ],
262 silly audit   'path-parse': [ '1.0.7' ],
262 silly audit   pathe: [ '2.0.3' ],
262 silly audit   'perfect-debounce': [ '1.0.0' ],
262 silly audit   picocolors: [ '1.1.1' ],
262 silly audit   picomatch: [ '2.3.1', '4.0.3' ],
262 silly audit   'pkg-types': [ '2.3.0' ],
262 silly audit   'possible-typed-array-names': [ '1.1.0' ],
262 silly audit   potpack: [ '1.0.2' ],
262 silly audit   'prelude-ls': [ '1.2.1' ],
262 silly audit   prisma: [ '6.19.2' ],
262 silly audit   'promise-worker-transferable': [ '1.0.4' ],
262 silly audit   'prop-types': [ '15.8.1' ],
262 silly audit   punycode: [ '2.3.1' ],
262 silly audit   'pure-rand': [ '6.1.0' ],
262 silly audit   'queue-microtask': [ '1.2.3' ],
262 silly audit   rc9: [ '2.1.2' ],
262 silly audit   'react-is': [ '16.13.1' ],
262 silly audit   readdirp: [ '4.1.2' ],
262 silly audit   'reflect.getprototypeof': [ '1.0.10' ],
262 silly audit   'regexp.prototype.flags': [ '1.5.4' ],
262 silly audit   'require-from-string': [ '2.0.2' ],
262 silly audit   'resolve-from': [ '4.0.0' ],
262 silly audit   'resolve-pkg-maps': [ '1.0.0' ],
262 silly audit   reusify: [ '1.1.0' ],
262 silly audit   'run-parallel': [ '1.2.0' ],
262 silly audit   'safe-array-concat': [ '1.1.3' ],
262 silly audit   'safe-push-apply': [ '1.0.0' ],
262 silly audit   'safe-regex-test': [ '1.1.0' ],
262 silly audit   scheduler: [ '0.27.0', '0.25.0' ],
262 silly audit   'set-function-length': [ '1.2.2' ],
262 silly audit   'set-function-name': [ '2.0.2' ],
262 silly audit   'set-proto': [ '1.0.0' ],
262 silly audit   'shebang-command': [ '2.0.0' ],
262 silly audit   'shebang-regex': [ '3.0.0' ],
262 silly audit   'side-channel': [ '1.1.0' ],
262 silly audit   'side-channel-list': [ '1.0.0' ],
262 silly audit   'side-channel-map': [ '1.0.1' ],
262 silly audit   'side-channel-weakmap': [ '1.0.2' ],
262 silly audit   'source-map-js': [ '1.2.1' ],
262 silly audit   'stable-hash': [ '0.0.5' ],
262 silly audit   'stats-gl': [ '2.4.2' ],
262 silly audit   three: [ '0.170.0', '0.182.0' ],
262 silly audit   'stats.js': [ '0.17.0' ],
262 silly audit   'stop-iteration-iterator': [ '1.1.0' ],
262 silly audit   'string.prototype.includes': [ '2.0.1' ],
262 silly audit   'string.prototype.matchall': [ '4.0.12' ],
262 silly audit   'string.prototype.repeat': [ '1.0.0' ],
262 silly audit   'string.prototype.trim': [ '1.2.10' ],
262 silly audit   'string.prototype.trimend': [ '1.0.9' ],
262 silly audit   'string.prototype.trimstart': [ '1.0.8' ],
262 silly audit   'strip-bom': [ '3.0.0' ],
262 silly audit   'strip-json-comments': [ '3.1.1' ],
262 silly audit   'styled-jsx': [ '5.1.6' ],
262 silly audit   'supports-color': [ '7.2.0' ],
262 silly audit   'supports-preserve-symlinks-flag': [ '1.0.0' ],
262 silly audit   'suspend-react': [ '0.1.3' ],
262 silly audit   'tailwind-merge': [ '3.4.0' ],
262 silly audit   tailwindcss: [ '4.1.18' ],
262 silly audit   tapable: [ '2.3.0' ],
262 silly audit   'three-mesh-bvh': [ '0.8.3' ],
262 silly audit   'three-stdlib': [ '2.36.1' ],
262 silly audit   tinyexec: [ '1.0.2' ],
262 silly audit   tinyglobby: [ '0.2.15' ],
262 silly audit   fdir: [ '6.5.0' ],
262 silly audit   'to-regex-range': [ '5.0.1' ],
262 silly audit   'troika-three-text': [ '0.52.4' ],
262 silly audit   'troika-three-utils': [ '0.52.4' ],
262 silly audit   'troika-worker-utils': [ '0.52.0' ],
262 silly audit   'ts-api-utils': [ '2.4.0' ],
262 silly audit   'tsconfig-paths': [ '3.15.0' ],
262 silly audit   tslib: [ '2.8.1' ],
262 silly audit   'tunnel-rat': [ '0.1.2' ],
262 silly audit   zustand: [ '4.5.7', '5.0.11' ],
262 silly audit   'type-check': [ '0.4.0' ],
262 silly audit   'typed-array-buffer': [ '1.0.3' ],
262 silly audit   'typed-array-byte-length': [ '1.0.3' ],
262 silly audit   'typed-array-byte-offset': [ '1.0.4' ],
262 silly audit   'typed-array-length': [ '1.0.7' ],
262 silly audit   typescript: [ '5.9.3' ],
262 silly audit   'typescript-eslint': [ '8.54.0' ],
262 silly audit   'unbox-primitive': [ '1.1.0' ],
262 silly audit   'undici-types': [ '6.21.0' ],
262 silly audit   'unrs-resolver': [ '1.11.1' ],
262 silly audit   'update-browserslist-db': [ '1.2.3' ],
262 silly audit   'uri-js': [ '4.4.1' ],
262 silly audit   'use-sync-external-store': [ '1.6.0' ],
262 silly audit   'utility-types': [ '3.11.0' ],
262 silly audit   'webgl-constants': [ '1.1.1' ],
262 silly audit   'webgl-sdf-generator': [ '1.1.1' ],
262 silly audit   which: [ '2.0.2' ],
262 silly audit   'which-boxed-primitive': [ '1.1.1' ],
262 silly audit   'which-builtin-type': [ '1.2.1' ],
262 silly audit   'which-collection': [ '1.0.2' ],
262 silly audit   'which-typed-array': [ '1.1.20' ],
262 silly audit   'word-wrap': [ '1.2.5' ],
262 silly audit   yallist: [ '3.1.1' ],
262 silly audit   'yocto-queue': [ '0.1.0' ],
262 silly audit   zod: [ '4.3.6' ],
262 silly audit   'zod-validation-error': [ '4.0.2' ],
262 silly audit   next: [ '15.1.0' ],
262 silly audit   react: [ '19.0.0' ],
262 silly audit   'react-dom': [ '19.0.0' ],
262 silly audit   'react-use-measure': [ '2.1.7' ],
262 silly audit   '@next/env': [ '15.1.0' ],
262 silly audit   '@next/swc-darwin-arm64': [ '15.1.0' ],
262 silly audit   '@next/swc-darwin-x64': [ '15.1.0' ],
262 silly audit   '@next/swc-linux-arm64-gnu': [ '15.1.0' ],
262 silly audit   '@next/swc-linux-arm64-musl': [ '15.1.0' ],
262 silly audit   '@next/swc-linux-x64-gnu': [ '15.1.0' ],
262 silly audit   '@next/swc-linux-x64-musl': [ '15.1.0' ],
262 silly audit   '@next/swc-win32-arm64-msvc': [ '15.1.0' ],
262 silly audit   '@next/swc-win32-x64-msvc': [ '15.1.0' ],
262 silly audit   '@swc/counter': [ '0.1.3' ],
262 silly audit   busboy: [ '1.6.0' ],
262 silly audit   sharp: [ '0.33.5' ],
262 silly audit   streamsearch: [ '1.1.0' ],
262 silly audit   '@img/sharp-darwin-arm64': [ '0.33.5' ],
262 silly audit   '@img/sharp-darwin-x64': [ '0.33.5' ],
262 silly audit   '@img/sharp-libvips-darwin-arm64': [ '1.0.4' ],
262 silly audit   '@img/sharp-libvips-darwin-x64': [ '1.0.4' ],
262 silly audit   '@img/sharp-libvips-linux-arm': [ '1.0.5' ],
262 silly audit   '@img/sharp-libvips-linux-arm64': [ '1.0.4' ],
262 silly audit   '@img/sharp-libvips-linux-s390x': [ '1.0.4' ],
262 silly audit   '@img/sharp-libvips-linux-x64': [ '1.0.4' ],
262 silly audit   '@img/sharp-libvips-linuxmusl-arm64': [ '1.0.4' ],
262 silly audit   '@img/sharp-libvips-linuxmusl-x64': [ '1.0.4' ],
262 silly audit   '@img/sharp-linux-arm': [ '0.33.5' ],
262 silly audit   '@img/sharp-linux-arm64': [ '0.33.5' ],
262 silly audit   '@img/sharp-linux-s390x': [ '0.33.5' ],
262 silly audit   '@img/sharp-linux-x64': [ '0.33.5' ],
262 silly audit   '@img/sharp-linuxmusl-arm64': [ '0.33.5' ],
262 silly audit   '@img/sharp-linuxmusl-x64': [ '0.33.5' ],
262 silly audit   '@img/sharp-wasm32': [ '0.33.5' ],
262 silly audit   '@img/sharp-win32-ia32': [ '0.33.5' ],
262 silly audit   '@img/sharp-win32-x64': [ '0.33.5' ],
262 silly audit   color: [ '4.2.3' ],
262 silly audit   'color-string': [ '1.9.1' ],
262 silly audit   'simple-swizzle': [ '0.2.4' ],
262 silly audit   'is-arrayish': [ '0.3.4' ]
262 silly audit }
263 http cache is-arrayish@https://registry.npmjs.org/is-arrayish/-/is-arrayish-0.3.4.tgz 0ms (cache hit)
264 http cache simple-swizzle@https://registry.npmjs.org/simple-swizzle/-/simple-swizzle-0.2.4.tgz 0ms (cache hit)
265 http cache color-string@https://registry.npmjs.org/color-string/-/color-string-1.9.1.tgz 0ms (cache hit)
266 http cache color@https://registry.npmjs.org/color/-/color-4.2.3.tgz 0ms (cache hit)
267 http cache streamsearch@https://registry.npmjs.org/streamsearch/-/streamsearch-1.1.0.tgz 0ms (cache hit)
268 http cache busboy@https://registry.npmjs.org/busboy/-/busboy-1.6.0.tgz 0ms (cache hit)
269 http cache @swc/counter@https://registry.npmjs.org/@swc/counter/-/counter-0.1.3.tgz 0ms (cache hit)
270 http cache sharp@https://registry.npmjs.org/sharp/-/sharp-0.33.5.tgz 0ms (cache hit)
271 http cache react-dom@https://registry.npmjs.org/react-dom/-/react-dom-19.0.0.tgz 0ms (cache hit)
272 http cache react@https://registry.npmjs.org/react/-/react-19.0.0.tgz 0ms (cache hit)
273 http cache next@https://registry.npmjs.org/next/-/next-15.1.0.tgz 0ms (cache hit)
274 http cache @next/swc-darwin-arm64@https://registry.npmjs.org/@next/swc-darwin-arm64/-/swc-darwin-arm64-15.1.0.tgz 0ms (cache hit)
275 http cache @img/sharp-libvips-darwin-arm64@https://registry.npmjs.org/@img/sharp-libvips-darwin-arm64/-/sharp-libvips-darwin-arm64-1.0.4.tgz 0ms (cache hit)
276 http cache @img/sharp-darwin-arm64@https://registry.npmjs.org/@img/sharp-darwin-arm64/-/sharp-darwin-arm64-0.33.5.tgz 0ms (cache hit)
277 http cache scheduler@https://registry.npmjs.org/scheduler/-/scheduler-0.25.0.tgz 0ms (cache hit)
278 http cache @next/env@https://registry.npmjs.org/@next/env/-/env-15.1.0.tgz 0ms (cache hit)
279 silly tarball no local data for simple-swizzle@https://registry.npmjs.org/simple-swizzle/-/simple-swizzle-0.2.4.tgz. Extracting by manifest.
280 silly tarball no local data for is-arrayish@https://registry.npmjs.org/is-arrayish/-/is-arrayish-0.3.4.tgz. Extracting by manifest.
281 silly tarball no local data for color@https://registry.npmjs.org/color/-/color-4.2.3.tgz. Extracting by manifest.
282 silly tarball no local data for color-string@https://registry.npmjs.org/color-string/-/color-string-1.9.1.tgz. Extracting by manifest.
283 silly tarball no local data for streamsearch@https://registry.npmjs.org/streamsearch/-/streamsearch-1.1.0.tgz. Extracting by manifest.
284 silly tarball no local data for busboy@https://registry.npmjs.org/busboy/-/busboy-1.6.0.tgz. Extracting by manifest.
285 silly tarball no local data for sharp@https://registry.npmjs.org/sharp/-/sharp-0.33.5.tgz. Extracting by manifest.
286 silly tarball no local data for @swc/counter@https://registry.npmjs.org/@swc/counter/-/counter-0.1.3.tgz. Extracting by manifest.
287 silly tarball no local data for react-dom@https://registry.npmjs.org/react-dom/-/react-dom-19.0.0.tgz. Extracting by manifest.
288 silly tarball no local data for react@https://registry.npmjs.org/react/-/react-19.0.0.tgz. Extracting by manifest.
289 silly tarball no local data for next@https://registry.npmjs.org/next/-/next-15.1.0.tgz. Extracting by manifest.
290 silly tarball no local data for @img/sharp-libvips-darwin-arm64@https://registry.npmjs.org/@img/sharp-libvips-darwin-arm64/-/sharp-libvips-darwin-arm64-1.0.4.tgz. Extracting by manifest.
291 silly tarball no local data for @next/swc-darwin-arm64@https://registry.npmjs.org/@next/swc-darwin-arm64/-/swc-darwin-arm64-15.1.0.tgz. Extracting by manifest.
292 silly tarball no local data for @img/sharp-darwin-arm64@https://registry.npmjs.org/@img/sharp-darwin-arm64/-/sharp-darwin-arm64-0.33.5.tgz. Extracting by manifest.
293 silly tarball no local data for @next/env@https://registry.npmjs.org/@next/env/-/env-15.1.0.tgz. Extracting by manifest.
294 silly tarball no local data for scheduler@https://registry.npmjs.org/scheduler/-/scheduler-0.25.0.tgz. Extracting by manifest.
295 http fetch GET 200 https://registry.npmjs.org/is-arrayish/-/is-arrayish-0.3.4.tgz 49ms (cache miss)
296 http fetch GET 200 https://registry.npmjs.org/simple-swizzle/-/simple-swizzle-0.2.4.tgz 51ms (cache miss)
297 http fetch GET 200 https://registry.npmjs.org/color/-/color-4.2.3.tgz 50ms (cache miss)
298 http fetch GET 200 https://registry.npmjs.org/color-string/-/color-string-1.9.1.tgz 52ms (cache miss)
299 http fetch GET 200 https://registry.npmjs.org/streamsearch/-/streamsearch-1.1.0.tgz 53ms (cache miss)
300 http fetch GET 200 https://registry.npmjs.org/busboy/-/busboy-1.6.0.tgz 60ms (cache miss)
301 http fetch GET 200 https://registry.npmjs.org/scheduler/-/scheduler-0.25.0.tgz 83ms (cache miss)
302 http fetch GET 200 https://registry.npmjs.org/sharp/-/sharp-0.33.5.tgz 143ms (cache miss)
303 http fetch GET 200 https://registry.npmjs.org/react/-/react-19.0.0.tgz 152ms (cache miss)
304 http fetch POST 200 https://registry.npmjs.org/-/npm/v1/security/advisories/bulk 182ms
305 silly audit report {
305 silly audit report   next: [
305 silly audit report     {
305 silly audit report       id: 1101437,
305 silly audit report       url: 'https://github.com/advisories/GHSA-7m27-7ghc-44w9',
305 silly audit report       title: 'Next.js Allows a Denial of Service (DoS) with Server Actions',
305 silly audit report       severity: 'moderate',
305 silly audit report       vulnerable_versions: '>=15.0.0 <15.1.2',
305 silly audit report       cwe: [Array],
305 silly audit report       cvss: [Object]
305 silly audit report     },
305 silly audit report     {
305 silly audit report       id: 1105462,
305 silly audit report       url: 'https://github.com/advisories/GHSA-3h52-269p-cp9r',
305 silly audit report       title: 'Information exposure in Next.js dev server due to lack of origin verification',
305 silly audit report       severity: 'low',
305 silly audit report       vulnerable_versions: '>=15.0.0 <15.2.2',
305 silly audit report       cwe: [Array],
305 silly audit report       cvss: [Object]
305 silly audit report     },
305 silly audit report     {
305 silly audit report       id: 1105948,
305 silly audit report       url: 'https://github.com/advisories/GHSA-67rr-84xm-4c7r',
305 silly audit report       title: 'Next.JS vulnerability can lead to DoS via cache poisoning ',
305 silly audit report       severity: 'high',
305 silly audit report       vulnerable_versions: '>=15.0.4-canary.51 <15.1.8',
305 silly audit report       cwe: [Array],
305 silly audit report       cvss: [Object]
305 silly audit report     },
305 silly audit report     {
305 silly audit report       id: 1111367,
305 silly audit report       url: 'https://github.com/advisories/GHSA-9qr9-h5gf-34mp',
305 silly audit report       title: 'Next.js is vulnerable to RCE in React flight protocol',
305 silly audit report       severity: 'critical',
305 silly audit report       vulnerable_versions: '>=15.1.0-canary.0 <15.1.9',
305 silly audit report       cwe: [Array],
305 silly audit report       cvss: [Object]
305 silly audit report     },
305 silly audit report     {
305 silly audit report       id: 1107228,
305 silly audit report       url: 'https://github.com/advisories/GHSA-g5qg-72qw-gw5v',
305 silly audit report       title: 'Next.js Affected by Cache Key Confusion for Image Optimization API Routes',
305 silly audit report       severity: 'moderate',
305 silly audit report       vulnerable_versions: '>=15.0.0 <=15.4.4',
305 silly audit report       cwe: [Array],
305 silly audit report       cvss: [Object]
305 silly audit report     },
305 silly audit report     {
305 silly audit report       id: 1107514,
305 silly audit report       url: 'https://github.com/advisories/GHSA-xv57-4mr9-wg8v',
305 silly audit report       title: 'Next.js Content Injection Vulnerability for Image Optimization',
305 silly audit report       severity: 'moderate',
305 silly audit report       vulnerable_versions: '>=15.0.0 <=15.4.4',
305 silly audit report       cwe: [Array],
305 silly audit report       cvss: [Object]
305 silly audit report     },
305 silly audit report     {
305 silly audit report       id: 1107515,
305 silly audit report       url: 'https://github.com/advisories/GHSA-4342-x723-ch2f',
305 silly audit report       title: 'Next.js Improper Middleware Redirect Handling Leads to SSRF',
305 silly audit report       severity: 'moderate',
305 silly audit report       vulnerable_versions: '>=15.0.0-canary.0 <15.4.7',
305 silly audit report       cwe: [Array],
305 silly audit report       cvss: [Object]
305 silly audit report     },
305 silly audit report     {
305 silly audit report       id: 1108410,
305 silly audit report       url: 'https://github.com/advisories/GHSA-qpjv-v59x-3qc4',
305 silly audit report       title: 'Next.js Race Condition to Cache Poisoning',
305 silly audit report       severity: 'low',
305 silly audit report       vulnerable_versions: '>=15.0.0 <15.1.6',
305 silly audit report       cwe: [Array],
305 silly audit report       cvss: [Object]
305 silly audit report     },
305 silly audit report     {
305 silly audit report       id: 1108952,
305 silly audit report       url: 'https://github.com/advisories/GHSA-f82v-jwr5-mffw',
305 silly audit report       title: 'Authorization Bypass in Next.js Middleware',
305 silly audit report       severity: 'critical',
305 silly audit report       vulnerable_versions: '>=15.0.0 <15.2.3',
305 silly audit report       cwe: [Array],
305 silly audit report       cvss: [Object]
305 silly audit report     },
305 silly audit report     {
305 silly audit report       id: 1112593,
305 silly audit report       url: 'https://github.com/advisories/GHSA-9g9p-9gw9-jx7f',
305 silly audit report       title: 'Next.js self-hosted applications vulnerable to DoS via Image Optimizer remotePatterns configuration',
305 silly audit report       severity: 'moderate',
305 silly audit report       vulnerable_versions: '>=10.0.0 <15.5.10',
305 silly audit report       cwe: [Array],
305 silly audit report       cvss: [Object]
305 silly audit report     }
305 silly audit report   ]
305 silly audit report }
306 silly packumentCache corgi:https://registry.npmjs.org/next cache-miss
307 http fetch GET 200 https://registry.npmjs.org/react-dom/-/react-dom-19.0.0.tgz 234ms (cache miss)
308 http fetch GET 200 https://registry.npmjs.org/@next/env/-/env-15.1.0.tgz 255ms (cache miss)
309 http fetch GET 200 https://registry.npmjs.org/@img/sharp-darwin-arm64/-/sharp-darwin-arm64-0.33.5.tgz 348ms (cache miss)
310 http fetch GET 200 https://registry.npmjs.org/@swc/counter/-/counter-0.1.3.tgz 535ms (cache miss)
311 http fetch GET 200 https://registry.npmjs.org/next 378ms (cache miss)
312 silly packumentCache corgi:https://registry.npmjs.org/next set size:undefined disposed:false
313 http fetch GET 200 https://registry.npmjs.org/@img/sharp-libvips-darwin-arm64/-/sharp-libvips-darwin-arm64-1.0.4.tgz 1090ms (cache miss)
314 http fetch GET 200 https://registry.npmjs.org/@next/swc-darwin-arm64/-/swc-darwin-arm64-15.1.0.tgz 2064ms (cache miss)
315 http fetch GET 200 https://registry.npmjs.org/next/-/next-15.1.0.tgz 2699ms (cache miss)
316 warn deprecated next@15.1.0: This version has a security vulnerability. Please upgrade to a patched version. See https://nextjs.org/blog/CVE-2025-66478 for more details.
317 info run sharp@0.33.5 install node_modules/sharp node install/check
318 info run sharp@0.33.5 install { code: 0, signal: null }
319 silly ADD node_modules/is-arrayish
320 silly ADD node_modules/simple-swizzle
321 silly ADD node_modules/color-string
322 silly ADD node_modules/color
323 silly ADD node_modules/streamsearch
324 silly ADD node_modules/busboy
325 silly ADD node_modules/@swc/counter
326 silly CHANGE node_modules/sharp
327 silly CHANGE node_modules/react-dom
328 silly ADD node_modules/react-dom/node_modules/scheduler
329 silly CHANGE node_modules/react
330 silly CHANGE node_modules/next
331 silly CHANGE node_modules/@next/swc-darwin-arm64
332 silly CHANGE node_modules/@next/env
333 silly CHANGE node_modules/@img/sharp-libvips-darwin-arm64
334 silly CHANGE node_modules/@img/sharp-darwin-arm64
335 silly REMOVE node_modules/@img/colour
336 verbose cwd /Users/andres/Documents/Documentos - MacBook Air de Andres/Proyecto sistema contable /Sistema-ERP-Pitalito
337 verbose os Darwin 25.2.0
338 verbose node v25.4.0
339 verbose npm  v11.7.0
340 verbose exit 0
341 info ok
